Python 3.14.5
Obtaining file:///C:/Users/benyamin/airwall
  Installing build dependencies: started
  Installing build dependencies: finished with status 'done'
  Checking if build backend supports build_editable: started
  Checking if build backend supports build_editable: finished with status 'done'
  Getting requirements to build editable: started
  Getting requirements to build editable: finished with status 'done'
  Installing backend dependencies: started
  Installing backend dependencies: finished with status 'done'
  Preparing editable metadata (pyproject.toml): started
  Preparing editable metadata (pyproject.toml): finished with status 'done'
Requirement already satisfied: fastapi>=0.115.0 in C:\Users\benyamin\AppData\Local\Python\pythoncore-3.14-64\Lib\site-packages (from airwall==0.1.0) (0.136.3)
Requirement already satisfied: httpx>=0.27.0 in C:\Users\benyamin\AppData\Local\Python\pythoncore-3.14-64\Lib\site-packages (from airwall==0.1.0) (0.28.1)
Requirement already satisfied: psycopg>=3.2.0 in C:\Users\benyamin\AppData\Local\Python\pythoncore-3.14-64\Lib\site-packages (from psycopg[binary]>=3.2.0->airwall==0.1.0) (3.3.4)
Requirement already satisfied: pydantic-settings>=2.6.0 in C:\Users\benyamin\AppData\Local\Python\pythoncore-3.14-64\Lib\site-packages (from airwall==0.1.0) (2.14.1)
Requirement already satisfied: pydantic>=2.9.0 in C:\Users\benyamin\AppData\Local\Python\pythoncore-3.14-64\Lib\site-packages (from airwall==0.1.0) (2.13.4)
Requirement already satisfied: pyyaml>=6.0.2 in C:\Users\benyamin\AppData\Local\Python\pythoncore-3.14-64\Lib\site-packages (from airwall==0.1.0) (6.0.3)
Requirement already satisfied: redis>=5.2.0 in C:\Users\benyamin\AppData\Local\Python\pythoncore-3.14-64\Lib\site-packages (from airwall==0.1.0) (8.0.0)
Requirement already satisfied: rich>=13.9.0 in C:\Users\benyamin\AppData\Local\Python\pythoncore-3.14-64\Lib\site-packages (from airwall==0.1.0) (15.0.0)
Requirement already satisfied: sqlalchemy>=2.0.36 in C:\Users\benyamin\AppData\Local\Python\pythoncore-3.14-64\Lib\site-packages (from airwall==0.1.0) (2.0.50)
Requirement already satisfied: typer>=0.14.0 in C:\Users\benyamin\AppData\Local\Python\pythoncore-3.14-64\Lib\site-packages (from typer[all]>=0.14.0->airwall==0.1.0) (0.26.7)
Requirement already satisfied: uvicorn>=0.32.0 in C:\Users\benyamin\AppData\Local\Python\pythoncore-3.14-64\Lib\site-packages (from uvicorn[standard]>=0.32.0->airwall==0.1.0) (0.48.0)
Requirement already satisfied: pytest>=8.3.0 in C:\Users\benyamin\AppData\Local\Python\pythoncore-3.14-64\Lib\site-packages (from airwall==0.1.0) (9.0.3)
Requirement already satisfied: ruff>=0.8.0 in C:\Users\benyamin\AppData\Local\Python\pythoncore-3.14-64\Lib\site-packages (from airwall==0.1.0) (0.15.15)
Requirement already satisfied: starlette>=0.46.0 in C:\Users\benyamin\AppData\Local\Python\pythoncore-3.14-64\Lib\site-packages (from fastapi>=0.115.0->airwall==0.1.0) (1.2.1)
Requirement already satisfied: typing-extensions>=4.8.0 in C:\Users\benyamin\AppData\Local\Python\pythoncore-3.14-64\Lib\site-packages (from fastapi>=0.115.0->airwall==0.1.0) (4.15.0)
Requirement already satisfied: typing-inspection>=0.4.2 in C:\Users\benyamin\AppData\Local\Python\pythoncore-3.14-64\Lib\site-packages (from fastapi>=0.115.0->airwall==0.1.0) (0.4.2)
Requirement already satisfied: annotated-doc>=0.0.2 in C:\Users\benyamin\AppData\Local\Python\pythoncore-3.14-64\Lib\site-packages (from fastapi>=0.115.0->airwall==0.1.0) (0.0.4)
Requirement already satisfied: anyio in C:\Users\benyamin\AppData\Local\Python\pythoncore-3.14-64\Lib\site-packages (from httpx>=0.27.0->airwall==0.1.0) (4.13.0)
Requirement already satisfied: certifi in C:\Users\benyamin\AppData\Local\Python\pythoncore-3.14-64\Lib\site-packages (from httpx>=0.27.0->airwall==0.1.0) (2026.5.20)
Requirement already satisfied: httpcore==1.* in C:\Users\benyamin\AppData\Local\Python\pythoncore-3.14-64\Lib\site-packages (from httpx>=0.27.0->airwall==0.1.0) (1.0.9)
Requirement already satisfied: idna in C:\Users\benyamin\AppData\Local\Python\pythoncore-3.14-64\Lib\site-packages (from httpx>=0.27.0->airwall==0.1.0) (3.18)
Requirement already satisfied: h11>=0.16 in C:\Users\benyamin\AppData\Local\Python\pythoncore-3.14-64\Lib\site-packages (from httpcore==1.*->httpx>=0.27.0->airwall==0.1.0) (0.16.0)
Requirement already satisfied: tzdata in C:\Users\benyamin\AppData\Local\Python\pythoncore-3.14-64\Lib\site-packages (from psycopg>=3.2.0->psycopg[binary]>=3.2.0->airwall==0.1.0) (2026.2)
Requirement already satisfied: psycopg-binary==3.3.4 in C:\Users\benyamin\AppData\Local\Python\pythoncore-3.14-64\Lib\site-packages (from psycopg[binary]>=3.2.0->airwall==0.1.0) (3.3.4)
Requirement already satisfied: annotated-types>=0.6.0 in C:\Users\benyamin\AppData\Local\Python\pythoncore-3.14-64\Lib\site-packages (from pydantic>=2.9.0->airwall==0.1.0) (0.7.0)
Requirement already satisfied: pydantic-core==2.46.4 in C:\Users\benyamin\AppData\Local\Python\pythoncore-3.14-64\Lib\site-packages (from pydantic>=2.9.0->airwall==0.1.0) (2.46.4)
Requirement already satisfied: python-dotenv>=0.21.0 in C:\Users\benyamin\AppData\Local\Python\pythoncore-3.14-64\Lib\site-packages (from pydantic-settings>=2.6.0->airwall==0.1.0) (1.2.2)
Requirement already satisfied: colorama>=0.4 in C:\Users\benyamin\AppData\Local\Python\pythoncore-3.14-64\Lib\site-packages (from pytest>=8.3.0->airwall==0.1.0) (0.4.6)
Requirement already satisfied: iniconfig>=1.0.1 in C:\Users\benyamin\AppData\Local\Python\pythoncore-3.14-64\Lib\site-packages (from pytest>=8.3.0->airwall==0.1.0) (2.3.0)
Requirement already satisfied: packaging>=22 in C:\Users\benyamin\AppData\Local\Python\pythoncore-3.14-64\Lib\site-packages (from pytest>=8.3.0->airwall==0.1.0) (26.2)
Requirement already satisfied: pluggy<2,>=1.5 in C:\Users\benyamin\AppData\Local\Python\pythoncore-3.14-64\Lib\site-packages (from pytest>=8.3.0->airwall==0.1.0) (1.6.0)
Requirement already satisfied: pygments>=2.7.2 in C:\Users\benyamin\AppData\Local\Python\pythoncore-3.14-64\Lib\site-packages (from pytest>=8.3.0->airwall==0.1.0) (2.20.0)
Requirement already satisfied: markdown-it-py>=2.2.0 in C:\Users\benyamin\AppData\Local\Python\pythoncore-3.14-64\Lib\site-packages (from rich>=13.9.0->airwall==0.1.0) (4.2.0)
Requirement already satisfied: mdurl~=0.1 in C:\Users\benyamin\AppData\Local\Python\pythoncore-3.14-64\Lib\site-packages (from markdown-it-py>=2.2.0->rich>=13.9.0->airwall==0.1.0) (0.1.2)
Requirement already satisfied: greenlet>=1 in C:\Users\benyamin\AppData\Local\Python\pythoncore-3.14-64\Lib\site-packages (from sqlalchemy>=2.0.36->airwall==0.1.0) (3.5.1)
Requirement already satisfied: shellingham>=1.3.0 in C:\Users\benyamin\AppData\Local\Python\pythoncore-3.14-64\Lib\site-packages (from typer>=0.14.0->typer[all]>=0.14.0->airwall==0.1.0) (1.5.4)
WARNING: typer 0.26.7 does not provide the extra 'all'
Requirement already satisfied: click>=7.0 in C:\Users\benyamin\AppData\Local\Python\pythoncore-3.14-64\Lib\site-packages (from uvicorn>=0.32.0->uvicorn[standard]>=0.32.0->airwall==0.1.0) (8.4.1)
Requirement already satisfied: httptools>=0.6.3 in C:\Users\benyamin\AppData\Local\Python\pythoncore-3.14-64\Lib\site-packages (from uvicorn[standard]>=0.32.0->airwall==0.1.0) (0.8.0)
Requirement already satisfied: watchfiles>=0.20 in C:\Users\benyamin\AppData\Local\Python\pythoncore-3.14-64\Lib\site-packages (from uvicorn[standard]>=0.32.0->airwall==0.1.0) (1.2.0)
Requirement already satisfied: websockets>=10.4 in C:\Users\benyamin\AppData\Local\Python\pythoncore-3.14-64\Lib\site-packages (from uvicorn[standard]>=0.32.0->airwall==0.1.0) (16.0)
Building wheels for collected packages: airwall
  Building editable for airwall (pyproject.toml): started
  Building editable for airwall (pyproject.toml): finished with status 'done'
  Created wheel for airwall: filename=airwall-0.1.0-py3-none-any.whl size=2415 sha256=690af4271869d7ccf1fc373cde2ae42183c981237c1605d2977f26b1d3cf5e49
  Stored in directory: C:\Users\benyamin\AppData\Local\Temp\pip-ephem-wheel-cache-wwapdrkz\wheels\0c\3f\51\32d445c9bf5cc834b894b5c1b0819636c12d1239699a63fd51
Successfully built airwall
Installing collected packages: airwall
  Attempting uninstall: airwall
    Found existing installation: airwall 0.1.0
    Uninstalling airwall-0.1.0:
      Successfully uninstalled airwall-0.1.0
Successfully installed airwall-0.1.0

[notice] A new release of pip is available: 26.1.1 -> 26.1.2
[notice] To update, run: C:\Users\benyamin\AppData\Local\Python\pythoncore-3.14-64\python.exe -m pip install --upgrade pip
EEEEEEEE                                                                 [100%]
=================================== ERRORS ====================================
_______________ ERROR at setup of test_blocks_prompt_injection ________________

self = <sqlalchemy.engine.base.Connection object at 0x0000020DC2CAB380>
engine = Engine(sqlite:///:memory: ), connection = None, _has_events = None
_allow_revalidate = True, _allow_autobegin = True

    def __init__(
        self,
        engine: Engine,
        connection: Optional[PoolProxiedConnection] = None,
        _has_events: Optional[bool] = None,
        _allow_revalidate: bool = True,
        _allow_autobegin: bool = True,
    ):
        """Construct a new Connection."""
        self.engine = engine
        self.dialect = dialect = engine.dialect
    
        if connection is None:
            try:
>               self._dbapi_connection = engine.raw_connection()
                                         ^^^^^^^^^^^^^^^^^^^^^^^

..\AppData\Local\Python\pythoncore-3.14-64\Lib\site-packages\sqlalchemy\engine\base.py:144: 
_ _ _ _ _ _ _ _ _ _ _ _ _ _ _ _ _ _ _ _ _ _ _ _ _ _ _ _ _ _ _ _ _ _ _ _ _ _ _ _
..\AppData\Local\Python\pythoncore-3.14-64\Lib\site-packages\sqlalchemy\engine\base.py:3319: in raw_connection
    return self.pool.connect()
           ^^^^^^^^^^^^^^^^^^^
..\AppData\Local\Python\pythoncore-3.14-64\Lib\site-packages\sqlalchemy\pool\base.py:448: in connect
    return _ConnectionFairy._checkout(self)
           ^^^^^^^^^^^^^^^^^^^^^^^^^^^^^^^^
..\AppData\Local\Python\pythoncore-3.14-64\Lib\site-packages\sqlalchemy\pool\base.py:1272: in _checkout
    fairy = _ConnectionRecord.checkout(pool)
            ^^^^^^^^^^^^^^^^^^^^^^^^^^^^^^^^
..\AppData\Local\Python\pythoncore-3.14-64\Lib\site-packages\sqlalchemy\pool\base.py:712: in checkout
    rec = pool._do_get()
          ^^^^^^^^^^^^^^
..\AppData\Local\Python\pythoncore-3.14-64\Lib\site-packages\sqlalchemy\pool\impl.py:178: in _do_get
    with util.safe_reraise():
         ^^^^^^^^^^^^^^^^^^^
..\AppData\Local\Python\pythoncore-3.14-64\Lib\site-packages\sqlalchemy\util\langhelpers.py:122: in __exit__
    raise exc_value.with_traceback(exc_tb)
..\AppData\Local\Python\pythoncore-3.14-64\Lib\site-packages\sqlalchemy\pool\impl.py:176: in _do_get
    return self._create_connection()
           ^^^^^^^^^^^^^^^^^^^^^^^^^
..\AppData\Local\Python\pythoncore-3.14-64\Lib\site-packages\sqlalchemy\pool\base.py:389: in _create_connection
    return _ConnectionRecord(self)
           ^^^^^^^^^^^^^^^^^^^^^^^
..\AppData\Local\Python\pythoncore-3.14-64\Lib\site-packages\sqlalchemy\pool\base.py:674: in __init__
    self.__connect()
..\AppData\Local\Python\pythoncore-3.14-64\Lib\site-packages\sqlalchemy\pool\base.py:900: in __connect
    with util.safe_reraise():
         ^^^^^^^^^^^^^^^^^^^
..\AppData\Local\Python\pythoncore-3.14-64\Lib\site-packages\sqlalchemy\util\langhelpers.py:122: in __exit__
    raise exc_value.with_traceback(exc_tb)
..\AppData\Local\Python\pythoncore-3.14-64\Lib\site-packages\sqlalchemy\pool\base.py:896: in __connect
    self.dbapi_connection = connection = pool._invoke_creator(self)
                                         ^^^^^^^^^^^^^^^^^^^^^^^^^^
..\AppData\Local\Python\pythoncore-3.14-64\Lib\site-packages\sqlalchemy\engine\create.py:667: in connect
    return dialect.connect(*cargs_tup, **cparams)
           ^^^^^^^^^^^^^^^^^^^^^^^^^^^^^^^^^^^^^^
_ _ _ _ _ _ _ _ _ _ _ _ _ _ _ _ _ _ _ _ _ _ _ _ _ _ _ _ _ _ _ _ _ _ _ _ _ _ _ _

self = <sqlalchemy.dialects.sqlite.pysqlite.SQLiteDialect_pysqlite object at 0x0000020DC2CAABA0>
cargs = ('C:\\Users\\benyamin\\airwall\\:memory:',)
cparams = {'check_same_thread': False}

    def connect(self, *cargs: Any, **cparams: Any) -> DBAPIConnection:
        # inherits the docstring from interfaces.Dialect.connect
>       return self.loaded_dbapi.connect(*cargs, **cparams)  # type: ignore[no-any-return]  # NOQA: E501
               ^^^^^^^^^^^^^^^^^^^^^^^^^^^^^^^^^^^^^^^^^^^^
E       sqlite3.OperationalError: unable to open database file

..\AppData\Local\Python\pythoncore-3.14-64\Lib\site-packages\sqlalchemy\engine\default.py:630: OperationalError

The above exception was the direct cause of the following exception:

    @pytest.fixture(autouse=True)
    def _fresh_db():
        from airwall_core.config import get_settings
    
        get_settings.cache_clear()
        from airwall_core.database import Base, get_engine, reset_engine
        from airwall_core.seed import run_seed
    
        reset_engine()
        engine = get_engine()
>       Base.metadata.drop_all(bind=engine)

tests\conftest.py:19: 
_ _ _ _ _ _ _ _ _ _ _ _ _ _ _ _ _ _ _ _ _ _ _ _ _ _ _ _ _ _ _ _ _ _ _ _ _ _ _ _
..\AppData\Local\Python\pythoncore-3.14-64\Lib\site-packages\sqlalchemy\sql\schema.py:5958: in drop_all
    bind._run_ddl_visitor(
..\AppData\Local\Python\pythoncore-3.14-64\Lib\site-packages\sqlalchemy\engine\base.py:3269: in _run_ddl_visitor
    with self.begin() as conn:
         ^^^^^^^^^^^^
..\AppData\Local\Python\pythoncore-3.14-64\Lib\contextlib.py:141: in __enter__
    return next(self.gen)
           ^^^^^^^^^^^^^^
..\AppData\Local\Python\pythoncore-3.14-64\Lib\site-packages\sqlalchemy\engine\base.py:3259: in begin
    with self.connect() as conn:
         ^^^^^^^^^^^^^^
..\AppData\Local\Python\pythoncore-3.14-64\Lib\site-packages\sqlalchemy\engine\base.py:3295: in connect
    return self._connection_cls(self)
           ^^^^^^^^^^^^^^^^^^^^^^^^^^
..\AppData\Local\Python\pythoncore-3.14-64\Lib\site-packages\sqlalchemy\engine\base.py:146: in __init__
    Connection._handle_dbapi_exception_noconnection(
..\AppData\Local\Python\pythoncore-3.14-64\Lib\site-packages\sqlalchemy\engine\base.py:2450: in _handle_dbapi_exception_noconnection
    raise sqlalchemy_exception.with_traceback(exc_info[2]) from e
..\AppData\Local\Python\pythoncore-3.14-64\Lib\site-packages\sqlalchemy\engine\base.py:144: in __init__
    self._dbapi_connection = engine.raw_connection()
                             ^^^^^^^^^^^^^^^^^^^^^^^
..\AppData\Local\Python\pythoncore-3.14-64\Lib\site-packages\sqlalchemy\engine\base.py:3319: in raw_connection
    return self.pool.connect()
           ^^^^^^^^^^^^^^^^^^^
..\AppData\Local\Python\pythoncore-3.14-64\Lib\site-packages\sqlalchemy\pool\base.py:448: in connect
    return _ConnectionFairy._checkout(self)
           ^^^^^^^^^^^^^^^^^^^^^^^^^^^^^^^^
..\AppData\Local\Python\pythoncore-3.14-64\Lib\site-packages\sqlalchemy\pool\base.py:1272: in _checkout
    fairy = _ConnectionRecord.checkout(pool)
            ^^^^^^^^^^^^^^^^^^^^^^^^^^^^^^^^
..\AppData\Local\Python\pythoncore-3.14-64\Lib\site-packages\sqlalchemy\pool\base.py:712: in checkout
    rec = pool._do_get()
          ^^^^^^^^^^^^^^
..\AppData\Local\Python\pythoncore-3.14-64\Lib\site-packages\sqlalchemy\pool\impl.py:178: in _do_get
    with util.safe_reraise():
         ^^^^^^^^^^^^^^^^^^^
..\AppData\Local\Python\pythoncore-3.14-64\Lib\site-packages\sqlalchemy\util\langhelpers.py:122: in __exit__
    raise exc_value.with_traceback(exc_tb)
..\AppData\Local\Python\pythoncore-3.14-64\Lib\site-packages\sqlalchemy\pool\impl.py:176: in _do_get
    return self._create_connection()
           ^^^^^^^^^^^^^^^^^^^^^^^^^
..\AppData\Local\Python\pythoncore-3.14-64\Lib\site-packages\sqlalchemy\pool\base.py:389: in _create_connection
    return _ConnectionRecord(self)
           ^^^^^^^^^^^^^^^^^^^^^^^
..\AppData\Local\Python\pythoncore-3.14-64\Lib\site-packages\sqlalchemy\pool\base.py:674: in __init__
    self.__connect()
..\AppData\Local\Python\pythoncore-3.14-64\Lib\site-packages\sqlalchemy\pool\base.py:900: in __connect
    with util.safe_reraise():
         ^^^^^^^^^^^^^^^^^^^
..\AppData\Local\Python\pythoncore-3.14-64\Lib\site-packages\sqlalchemy\util\langhelpers.py:122: in __exit__
    raise exc_value.with_traceback(exc_tb)
..\AppData\Local\Python\pythoncore-3.14-64\Lib\site-packages\sqlalchemy\pool\base.py:896: in __connect
    self.dbapi_connection = connection = pool._invoke_creator(self)
                                         ^^^^^^^^^^^^^^^^^^^^^^^^^^
..\AppData\Local\Python\pythoncore-3.14-64\Lib\site-packages\sqlalchemy\engine\create.py:667: in connect
    return dialect.connect(*cargs_tup, **cparams)
           ^^^^^^^^^^^^^^^^^^^^^^^^^^^^^^^^^^^^^^
_ _ _ _ _ _ _ _ _ _ _ _ _ _ _ _ _ _ _ _ _ _ _ _ _ _ _ _ _ _ _ _ _ _ _ _ _ _ _ _

self = <sqlalchemy.dialects.sqlite.pysqlite.SQLiteDialect_pysqlite object at 0x0000020DC2CAABA0>
cargs = ('C:\\Users\\benyamin\\airwall\\:memory:',)
cparams = {'check_same_thread': False}

    def connect(self, *cargs: Any, **cparams: Any) -> DBAPIConnection:
        # inherits the docstring from interfaces.Dialect.connect
>       return self.loaded_dbapi.connect(*cargs, **cparams)  # type: ignore[no-any-return]  # NOQA: E501
               ^^^^^^^^^^^^^^^^^^^^^^^^^^^^^^^^^^^^^^^^^^^^
E       sqlalchemy.exc.OperationalError: (sqlite3.OperationalError) unable to open database file
E       (Background on this error at: https://sqlalche.me/e/20/e3q8)

..\AppData\Local\Python\pythoncore-3.14-64\Lib\site-packages\sqlalchemy\engine\default.py:630: OperationalError
_________________ ERROR at setup of test_allows_benign_prompt _________________

self = <sqlalchemy.engine.base.Connection object at 0x0000020DC2E90410>
engine = Engine(sqlite:///:memory: ), connection = None, _has_events = None
_allow_revalidate = True, _allow_autobegin = True

    def __init__(
        self,
        engine: Engine,
        connection: Optional[PoolProxiedConnection] = None,
        _has_events: Optional[bool] = None,
        _allow_revalidate: bool = True,
        _allow_autobegin: bool = True,
    ):
        """Construct a new Connection."""
        self.engine = engine
        self.dialect = dialect = engine.dialect
    
        if connection is None:
            try:
>               self._dbapi_connection = engine.raw_connection()
                                         ^^^^^^^^^^^^^^^^^^^^^^^

..\AppData\Local\Python\pythoncore-3.14-64\Lib\site-packages\sqlalchemy\engine\base.py:144: 
_ _ _ _ _ _ _ _ _ _ _ _ _ _ _ _ _ _ _ _ _ _ _ _ _ _ _ _ _ _ _ _ _ _ _ _ _ _ _ _
..\AppData\Local\Python\pythoncore-3.14-64\Lib\site-packages\sqlalchemy\engine\base.py:3319: in raw_connection
    return self.pool.connect()
           ^^^^^^^^^^^^^^^^^^^
..\AppData\Local\Python\pythoncore-3.14-64\Lib\site-packages\sqlalchemy\pool\base.py:448: in connect
    return _ConnectionFairy._checkout(self)
           ^^^^^^^^^^^^^^^^^^^^^^^^^^^^^^^^
..\AppData\Local\Python\pythoncore-3.14-64\Lib\site-packages\sqlalchemy\pool\base.py:1272: in _checkout
    fairy = _ConnectionRecord.checkout(pool)
            ^^^^^^^^^^^^^^^^^^^^^^^^^^^^^^^^
..\AppData\Local\Python\pythoncore-3.14-64\Lib\site-packages\sqlalchemy\pool\base.py:712: in checkout
    rec = pool._do_get()
          ^^^^^^^^^^^^^^
..\AppData\Local\Python\pythoncore-3.14-64\Lib\site-packages\sqlalchemy\pool\impl.py:178: in _do_get
    with util.safe_reraise():
         ^^^^^^^^^^^^^^^^^^^
..\AppData\Local\Python\pythoncore-3.14-64\Lib\site-packages\sqlalchemy\util\langhelpers.py:122: in __exit__
    raise exc_value.with_traceback(exc_tb)
..\AppData\Local\Python\pythoncore-3.14-64\Lib\site-packages\sqlalchemy\pool\impl.py:176: in _do_get
    return self._create_connection()
           ^^^^^^^^^^^^^^^^^^^^^^^^^
..\AppData\Local\Python\pythoncore-3.14-64\Lib\site-packages\sqlalchemy\pool\base.py:389: in _create_connection
    return _ConnectionRecord(self)
           ^^^^^^^^^^^^^^^^^^^^^^^
..\AppData\Local\Python\pythoncore-3.14-64\Lib\site-packages\sqlalchemy\pool\base.py:674: in __init__
    self.__connect()
..\AppData\Local\Python\pythoncore-3.14-64\Lib\site-packages\sqlalchemy\pool\base.py:900: in __connect
    with util.safe_reraise():
         ^^^^^^^^^^^^^^^^^^^
..\AppData\Local\Python\pythoncore-3.14-64\Lib\site-packages\sqlalchemy\util\langhelpers.py:122: in __exit__
    raise exc_value.with_traceback(exc_tb)
..\AppData\Local\Python\pythoncore-3.14-64\Lib\site-packages\sqlalchemy\pool\base.py:896: in __connect
    self.dbapi_connection = connection = pool._invoke_creator(self)
                                         ^^^^^^^^^^^^^^^^^^^^^^^^^^
..\AppData\Local\Python\pythoncore-3.14-64\Lib\site-packages\sqlalchemy\engine\create.py:667: in connect
    return dialect.connect(*cargs_tup, **cparams)
           ^^^^^^^^^^^^^^^^^^^^^^^^^^^^^^^^^^^^^^
_ _ _ _ _ _ _ _ _ _ _ _ _ _ _ _ _ _ _ _ _ _ _ _ _ _ _ _ _ _ _ _ _ _ _ _ _ _ _ _

self = <sqlalchemy.dialects.sqlite.pysqlite.SQLiteDialect_pysqlite object at 0x0000020DC2CBAE90>
cargs = ('C:\\Users\\benyamin\\airwall\\:memory:',)
cparams = {'check_same_thread': False}

    def connect(self, *cargs: Any, **cparams: Any) -> DBAPIConnection:
        # inherits the docstring from interfaces.Dialect.connect
>       return self.loaded_dbapi.connect(*cargs, **cparams)  # type: ignore[no-any-return]  # NOQA: E501
               ^^^^^^^^^^^^^^^^^^^^^^^^^^^^^^^^^^^^^^^^^^^^
E       sqlite3.OperationalError: unable to open database file

..\AppData\Local\Python\pythoncore-3.14-64\Lib\site-packages\sqlalchemy\engine\default.py:630: OperationalError

The above exception was the direct cause of the following exception:

    @pytest.fixture(autouse=True)
    def _fresh_db():
        from airwall_core.config import get_settings
    
        get_settings.cache_clear()
        from airwall_core.database import Base, get_engine, reset_engine
        from airwall_core.seed import run_seed
    
        reset_engine()
        engine = get_engine()
>       Base.metadata.drop_all(bind=engine)

tests\conftest.py:19: 
_ _ _ _ _ _ _ _ _ _ _ _ _ _ _ _ _ _ _ _ _ _ _ _ _ _ _ _ _ _ _ _ _ _ _ _ _ _ _ _
..\AppData\Local\Python\pythoncore-3.14-64\Lib\site-packages\sqlalchemy\sql\schema.py:5958: in drop_all
    bind._run_ddl_visitor(
..\AppData\Local\Python\pythoncore-3.14-64\Lib\site-packages\sqlalchemy\engine\base.py:3269: in _run_ddl_visitor
    with self.begin() as conn:
         ^^^^^^^^^^^^
..\AppData\Local\Python\pythoncore-3.14-64\Lib\contextlib.py:141: in __enter__
    return next(self.gen)
           ^^^^^^^^^^^^^^
..\AppData\Local\Python\pythoncore-3.14-64\Lib\site-packages\sqlalchemy\engine\base.py:3259: in begin
    with self.connect() as conn:
         ^^^^^^^^^^^^^^
..\AppData\Local\Python\pythoncore-3.14-64\Lib\site-packages\sqlalchemy\engine\base.py:3295: in connect
    return self._connection_cls(self)
           ^^^^^^^^^^^^^^^^^^^^^^^^^^
..\AppData\Local\Python\pythoncore-3.14-64\Lib\site-packages\sqlalchemy\engine\base.py:146: in __init__
    Connection._handle_dbapi_exception_noconnection(
..\AppData\Local\Python\pythoncore-3.14-64\Lib\site-packages\sqlalchemy\engine\base.py:2450: in _handle_dbapi_exception_noconnection
    raise sqlalchemy_exception.with_traceback(exc_info[2]) from e
..\AppData\Local\Python\pythoncore-3.14-64\Lib\site-packages\sqlalchemy\engine\base.py:144: in __init__
    self._dbapi_connection = engine.raw_connection()
                             ^^^^^^^^^^^^^^^^^^^^^^^
..\AppData\Local\Python\pythoncore-3.14-64\Lib\site-packages\sqlalchemy\engine\base.py:3319: in raw_connection
    return self.pool.connect()
           ^^^^^^^^^^^^^^^^^^^
..\AppData\Local\Python\pythoncore-3.14-64\Lib\site-packages\sqlalchemy\pool\base.py:448: in connect
    return _ConnectionFairy._checkout(self)
           ^^^^^^^^^^^^^^^^^^^^^^^^^^^^^^^^
..\AppData\Local\Python\pythoncore-3.14-64\Lib\site-packages\sqlalchemy\pool\base.py:1272: in _checkout
    fairy = _ConnectionRecord.checkout(pool)
            ^^^^^^^^^^^^^^^^^^^^^^^^^^^^^^^^
..\AppData\Local\Python\pythoncore-3.14-64\Lib\site-packages\sqlalchemy\pool\base.py:712: in checkout
    rec = pool._do_get()
          ^^^^^^^^^^^^^^
..\AppData\Local\Python\pythoncore-3.14-64\Lib\site-packages\sqlalchemy\pool\impl.py:178: in _do_get
    with util.safe_reraise():
         ^^^^^^^^^^^^^^^^^^^
..\AppData\Local\Python\pythoncore-3.14-64\Lib\site-packages\sqlalchemy\util\langhelpers.py:122: in __exit__
    raise exc_value.with_traceback(exc_tb)
..\AppData\Local\Python\pythoncore-3.14-64\Lib\site-packages\sqlalchemy\pool\impl.py:176: in _do_get
    return self._create_connection()
           ^^^^^^^^^^^^^^^^^^^^^^^^^
..\AppData\Local\Python\pythoncore-3.14-64\Lib\site-packages\sqlalchemy\pool\base.py:389: in _create_connection
    return _ConnectionRecord(self)
           ^^^^^^^^^^^^^^^^^^^^^^^
..\AppData\Local\Python\pythoncore-3.14-64\Lib\site-packages\sqlalchemy\pool\base.py:674: in __init__
    self.__connect()
..\AppData\Local\Python\pythoncore-3.14-64\Lib\site-packages\sqlalchemy\pool\base.py:900: in __connect
    with util.safe_reraise():
         ^^^^^^^^^^^^^^^^^^^
..\AppData\Local\Python\pythoncore-3.14-64\Lib\site-packages\sqlalchemy\util\langhelpers.py:122: in __exit__
    raise exc_value.with_traceback(exc_tb)
..\AppData\Local\Python\pythoncore-3.14-64\Lib\site-packages\sqlalchemy\pool\base.py:896: in __connect
    self.dbapi_connection = connection = pool._invoke_creator(self)
                                         ^^^^^^^^^^^^^^^^^^^^^^^^^^
..\AppData\Local\Python\pythoncore-3.14-64\Lib\site-packages\sqlalchemy\engine\create.py:667: in connect
    return dialect.connect(*cargs_tup, **cparams)
           ^^^^^^^^^^^^^^^^^^^^^^^^^^^^^^^^^^^^^^
_ _ _ _ _ _ _ _ _ _ _ _ _ _ _ _ _ _ _ _ _ _ _ _ _ _ _ _ _ _ _ _ _ _ _ _ _ _ _ _

self = <sqlalchemy.dialects.sqlite.pysqlite.SQLiteDialect_pysqlite object at 0x0000020DC2CBAE90>
cargs = ('C:\\Users\\benyamin\\airwall\\:memory:',)
cparams = {'check_same_thread': False}

    def connect(self, *cargs: Any, **cparams: Any) -> DBAPIConnection:
        # inherits the docstring from interfaces.Dialect.connect
>       return self.loaded_dbapi.connect(*cargs, **cparams)  # type: ignore[no-any-return]  # NOQA: E501
               ^^^^^^^^^^^^^^^^^^^^^^^^^^^^^^^^^^^^^^^^^^^^
E       sqlalchemy.exc.OperationalError: (sqlite3.OperationalError) unable to open database file
E       (Background on this error at: https://sqlalche.me/e/20/e3q8)

..\AppData\Local\Python\pythoncore-3.14-64\Lib\site-packages\sqlalchemy\engine\default.py:630: OperationalError
____________ ERROR at setup of test_sandbox_route_medium_heuristic ____________

self = <sqlalchemy.engine.base.Connection object at 0x0000020DC2E91450>
engine = Engine(sqlite:///:memory: ), connection = None, _has_events = None
_allow_revalidate = True, _allow_autobegin = True

    def __init__(
        self,
        engine: Engine,
        connection: Optional[PoolProxiedConnection] = None,
        _has_events: Optional[bool] = None,
        _allow_revalidate: bool = True,
        _allow_autobegin: bool = True,
    ):
        """Construct a new Connection."""
        self.engine = engine
        self.dialect = dialect = engine.dialect
    
        if connection is None:
            try:
>               self._dbapi_connection = engine.raw_connection()
                                         ^^^^^^^^^^^^^^^^^^^^^^^

..\AppData\Local\Python\pythoncore-3.14-64\Lib\site-packages\sqlalchemy\engine\base.py:144: 
_ _ _ _ _ _ _ _ _ _ _ _ _ _ _ _ _ _ _ _ _ _ _ _ _ _ _ _ _ _ _ _ _ _ _ _ _ _ _ _
..\AppData\Local\Python\pythoncore-3.14-64\Lib\site-packages\sqlalchemy\engine\base.py:3319: in raw_connection
    return self.pool.connect()
           ^^^^^^^^^^^^^^^^^^^
..\AppData\Local\Python\pythoncore-3.14-64\Lib\site-packages\sqlalchemy\pool\base.py:448: in connect
    return _ConnectionFairy._checkout(self)
           ^^^^^^^^^^^^^^^^^^^^^^^^^^^^^^^^
..\AppData\Local\Python\pythoncore-3.14-64\Lib\site-packages\sqlalchemy\pool\base.py:1272: in _checkout
    fairy = _ConnectionRecord.checkout(pool)
            ^^^^^^^^^^^^^^^^^^^^^^^^^^^^^^^^
..\AppData\Local\Python\pythoncore-3.14-64\Lib\site-packages\sqlalchemy\pool\base.py:712: in checkout
    rec = pool._do_get()
          ^^^^^^^^^^^^^^
..\AppData\Local\Python\pythoncore-3.14-64\Lib\site-packages\sqlalchemy\pool\impl.py:178: in _do_get
    with util.safe_reraise():
         ^^^^^^^^^^^^^^^^^^^
..\AppData\Local\Python\pythoncore-3.14-64\Lib\site-packages\sqlalchemy\util\langhelpers.py:122: in __exit__
    raise exc_value.with_traceback(exc_tb)
..\AppData\Local\Python\pythoncore-3.14-64\Lib\site-packages\sqlalchemy\pool\impl.py:176: in _do_get
    return self._create_connection()
           ^^^^^^^^^^^^^^^^^^^^^^^^^
..\AppData\Local\Python\pythoncore-3.14-64\Lib\site-packages\sqlalchemy\pool\base.py:389: in _create_connection
    return _ConnectionRecord(self)
           ^^^^^^^^^^^^^^^^^^^^^^^
..\AppData\Local\Python\pythoncore-3.14-64\Lib\site-packages\sqlalchemy\pool\base.py:674: in __init__
    self.__connect()
..\AppData\Local\Python\pythoncore-3.14-64\Lib\site-packages\sqlalchemy\pool\base.py:900: in __connect
    with util.safe_reraise():
         ^^^^^^^^^^^^^^^^^^^
..\AppData\Local\Python\pythoncore-3.14-64\Lib\site-packages\sqlalchemy\util\langhelpers.py:122: in __exit__
    raise exc_value.with_traceback(exc_tb)
..\AppData\Local\Python\pythoncore-3.14-64\Lib\site-packages\sqlalchemy\pool\base.py:896: in __connect
    self.dbapi_connection = connection = pool._invoke_creator(self)
                                         ^^^^^^^^^^^^^^^^^^^^^^^^^^
..\AppData\Local\Python\pythoncore-3.14-64\Lib\site-packages\sqlalchemy\engine\create.py:667: in connect
    return dialect.connect(*cargs_tup, **cparams)
           ^^^^^^^^^^^^^^^^^^^^^^^^^^^^^^^^^^^^^^
_ _ _ _ _ _ _ _ _ _ _ _ _ _ _ _ _ _ _ _ _ _ _ _ _ _ _ _ _ _ _ _ _ _ _ _ _ _ _ _

self = <sqlalchemy.dialects.sqlite.pysqlite.SQLiteDialect_pysqlite object at 0x0000020DC2E91090>
cargs = ('C:\\Users\\benyamin\\airwall\\:memory:',)
cparams = {'check_same_thread': False}

    def connect(self, *cargs: Any, **cparams: Any) -> DBAPIConnection:
        # inherits the docstring from interfaces.Dialect.connect
>       return self.loaded_dbapi.connect(*cargs, **cparams)  # type: ignore[no-any-return]  # NOQA: E501
               ^^^^^^^^^^^^^^^^^^^^^^^^^^^^^^^^^^^^^^^^^^^^
E       sqlite3.OperationalError: unable to open database file

..\AppData\Local\Python\pythoncore-3.14-64\Lib\site-packages\sqlalchemy\engine\default.py:630: OperationalError

The above exception was the direct cause of the following exception:

    @pytest.fixture(autouse=True)
    def _fresh_db():
        from airwall_core.config import get_settings
    
        get_settings.cache_clear()
        from airwall_core.database import Base, get_engine, reset_engine
        from airwall_core.seed import run_seed
    
        reset_engine()
        engine = get_engine()
>       Base.metadata.drop_all(bind=engine)

tests\conftest.py:19: 
_ _ _ _ _ _ _ _ _ _ _ _ _ _ _ _ _ _ _ _ _ _ _ _ _ _ _ _ _ _ _ _ _ _ _ _ _ _ _ _
..\AppData\Local\Python\pythoncore-3.14-64\Lib\site-packages\sqlalchemy\sql\schema.py:5958: in drop_all
    bind._run_ddl_visitor(
..\AppData\Local\Python\pythoncore-3.14-64\Lib\site-packages\sqlalchemy\engine\base.py:3269: in _run_ddl_visitor
    with self.begin() as conn:
         ^^^^^^^^^^^^
..\AppData\Local\Python\pythoncore-3.14-64\Lib\contextlib.py:141: in __enter__
    return next(self.gen)
           ^^^^^^^^^^^^^^
..\AppData\Local\Python\pythoncore-3.14-64\Lib\site-packages\sqlalchemy\engine\base.py:3259: in begin
    with self.connect() as conn:
         ^^^^^^^^^^^^^^
..\AppData\Local\Python\pythoncore-3.14-64\Lib\site-packages\sqlalchemy\engine\base.py:3295: in connect
    return self._connection_cls(self)
           ^^^^^^^^^^^^^^^^^^^^^^^^^^
..\AppData\Local\Python\pythoncore-3.14-64\Lib\site-packages\sqlalchemy\engine\base.py:146: in __init__
    Connection._handle_dbapi_exception_noconnection(
..\AppData\Local\Python\pythoncore-3.14-64\Lib\site-packages\sqlalchemy\engine\base.py:2450: in _handle_dbapi_exception_noconnection
    raise sqlalchemy_exception.with_traceback(exc_info[2]) from e
..\AppData\Local\Python\pythoncore-3.14-64\Lib\site-packages\sqlalchemy\engine\base.py:144: in __init__
    self._dbapi_connection = engine.raw_connection()
                             ^^^^^^^^^^^^^^^^^^^^^^^
..\AppData\Local\Python\pythoncore-3.14-64\Lib\site-packages\sqlalchemy\engine\base.py:3319: in raw_connection
    return self.pool.connect()
           ^^^^^^^^^^^^^^^^^^^
..\AppData\Local\Python\pythoncore-3.14-64\Lib\site-packages\sqlalchemy\pool\base.py:448: in connect
    return _ConnectionFairy._checkout(self)
           ^^^^^^^^^^^^^^^^^^^^^^^^^^^^^^^^
..\AppData\Local\Python\pythoncore-3.14-64\Lib\site-packages\sqlalchemy\pool\base.py:1272: in _checkout
    fairy = _ConnectionRecord.checkout(pool)
            ^^^^^^^^^^^^^^^^^^^^^^^^^^^^^^^^
..\AppData\Local\Python\pythoncore-3.14-64\Lib\site-packages\sqlalchemy\pool\base.py:712: in checkout
    rec = pool._do_get()
          ^^^^^^^^^^^^^^
..\AppData\Local\Python\pythoncore-3.14-64\Lib\site-packages\sqlalchemy\pool\impl.py:178: in _do_get
    with util.safe_reraise():
         ^^^^^^^^^^^^^^^^^^^
..\AppData\Local\Python\pythoncore-3.14-64\Lib\site-packages\sqlalchemy\util\langhelpers.py:122: in __exit__
    raise exc_value.with_traceback(exc_tb)
..\AppData\Local\Python\pythoncore-3.14-64\Lib\site-packages\sqlalchemy\pool\impl.py:176: in _do_get
    return self._create_connection()
           ^^^^^^^^^^^^^^^^^^^^^^^^^
..\AppData\Local\Python\pythoncore-3.14-64\Lib\site-packages\sqlalchemy\pool\base.py:389: in _create_connection
    return _ConnectionRecord(self)
           ^^^^^^^^^^^^^^^^^^^^^^^
..\AppData\Local\Python\pythoncore-3.14-64\Lib\site-packages\sqlalchemy\pool\base.py:674: in __init__
    self.__connect()
..\AppData\Local\Python\pythoncore-3.14-64\Lib\site-packages\sqlalchemy\pool\base.py:900: in __connect
    with util.safe_reraise():
         ^^^^^^^^^^^^^^^^^^^
..\AppData\Local\Python\pythoncore-3.14-64\Lib\site-packages\sqlalchemy\util\langhelpers.py:122: in __exit__
    raise exc_value.with_traceback(exc_tb)
..\AppData\Local\Python\pythoncore-3.14-64\Lib\site-packages\sqlalchemy\pool\base.py:896: in __connect
    self.dbapi_connection = connection = pool._invoke_creator(self)
                                         ^^^^^^^^^^^^^^^^^^^^^^^^^^
..\AppData\Local\Python\pythoncore-3.14-64\Lib\site-packages\sqlalchemy\engine\create.py:667: in connect
    return dialect.connect(*cargs_tup, **cparams)
           ^^^^^^^^^^^^^^^^^^^^^^^^^^^^^^^^^^^^^^
_ _ _ _ _ _ _ _ _ _ _ _ _ _ _ _ _ _ _ _ _ _ _ _ _ _ _ _ _ _ _ _ _ _ _ _ _ _ _ _

self = <sqlalchemy.dialects.sqlite.pysqlite.SQLiteDialect_pysqlite object at 0x0000020DC2E91090>
cargs = ('C:\\Users\\benyamin\\airwall\\:memory:',)
cparams = {'check_same_thread': False}

    def connect(self, *cargs: Any, **cparams: Any) -> DBAPIConnection:
        # inherits the docstring from interfaces.Dialect.connect
>       return self.loaded_dbapi.connect(*cargs, **cparams)  # type: ignore[no-any-return]  # NOQA: E501
               ^^^^^^^^^^^^^^^^^^^^^^^^^^^^^^^^^^^^^^^^^^^^
E       sqlalchemy.exc.OperationalError: (sqlite3.OperationalError) unable to open database file
E       (Background on this error at: https://sqlalche.me/e/20/e3q8)

..\AppData\Local\Python\pythoncore-3.14-64\Lib\site-packages\sqlalchemy\engine\default.py:630: OperationalError
________________________ ERROR at setup of test_health ________________________

self = <sqlalchemy.engine.base.Connection object at 0x0000020DC2D30FC0>
engine = Engine(sqlite:///:memory: ), connection = None, _has_events = None
_allow_revalidate = True, _allow_autobegin = True

    def __init__(
        self,
        engine: Engine,
        connection: Optional[PoolProxiedConnection] = None,
        _has_events: Optional[bool] = None,
        _allow_revalidate: bool = True,
        _allow_autobegin: bool = True,
    ):
        """Construct a new Connection."""
        self.engine = engine
        self.dialect = dialect = engine.dialect
    
        if connection is None:
            try:
>               self._dbapi_connection = engine.raw_connection()
                                         ^^^^^^^^^^^^^^^^^^^^^^^

..\AppData\Local\Python\pythoncore-3.14-64\Lib\site-packages\sqlalchemy\engine\base.py:144: 
_ _ _ _ _ _ _ _ _ _ _ _ _ _ _ _ _ _ _ _ _ _ _ _ _ _ _ _ _ _ _ _ _ _ _ _ _ _ _ _
..\AppData\Local\Python\pythoncore-3.14-64\Lib\site-packages\sqlalchemy\engine\base.py:3319: in raw_connection
    return self.pool.connect()
           ^^^^^^^^^^^^^^^^^^^
..\AppData\Local\Python\pythoncore-3.14-64\Lib\site-packages\sqlalchemy\pool\base.py:448: in connect
    return _ConnectionFairy._checkout(self)
           ^^^^^^^^^^^^^^^^^^^^^^^^^^^^^^^^
..\AppData\Local\Python\pythoncore-3.14-64\Lib\site-packages\sqlalchemy\pool\base.py:1272: in _checkout
    fairy = _ConnectionRecord.checkout(pool)
            ^^^^^^^^^^^^^^^^^^^^^^^^^^^^^^^^
..\AppData\Local\Python\pythoncore-3.14-64\Lib\site-packages\sqlalchemy\pool\base.py:712: in checkout
    rec = pool._do_get()
          ^^^^^^^^^^^^^^
..\AppData\Local\Python\pythoncore-3.14-64\Lib\site-packages\sqlalchemy\pool\impl.py:178: in _do_get
    with util.safe_reraise():
         ^^^^^^^^^^^^^^^^^^^
..\AppData\Local\Python\pythoncore-3.14-64\Lib\site-packages\sqlalchemy\util\langhelpers.py:122: in __exit__
    raise exc_value.with_traceback(exc_tb)
..\AppData\Local\Python\pythoncore-3.14-64\Lib\site-packages\sqlalchemy\pool\impl.py:176: in _do_get
    return self._create_connection()
           ^^^^^^^^^^^^^^^^^^^^^^^^^
..\AppData\Local\Python\pythoncore-3.14-64\Lib\site-packages\sqlalchemy\pool\base.py:389: in _create_connection
    return _ConnectionRecord(self)
           ^^^^^^^^^^^^^^^^^^^^^^^
..\AppData\Local\Python\pythoncore-3.14-64\Lib\site-packages\sqlalchemy\pool\base.py:674: in __init__
    self.__connect()
..\AppData\Local\Python\pythoncore-3.14-64\Lib\site-packages\sqlalchemy\pool\base.py:900: in __connect
    with util.safe_reraise():
         ^^^^^^^^^^^^^^^^^^^
..\AppData\Local\Python\pythoncore-3.14-64\Lib\site-packages\sqlalchemy\util\langhelpers.py:122: in __exit__
    raise exc_value.with_traceback(exc_tb)
..\AppData\Local\Python\pythoncore-3.14-64\Lib\site-packages\sqlalchemy\pool\base.py:896: in __connect
    self.dbapi_connection = connection = pool._invoke_creator(self)
                                         ^^^^^^^^^^^^^^^^^^^^^^^^^^
..\AppData\Local\Python\pythoncore-3.14-64\Lib\site-packages\sqlalchemy\engine\create.py:667: in connect
    return dialect.connect(*cargs_tup, **cparams)
           ^^^^^^^^^^^^^^^^^^^^^^^^^^^^^^^^^^^^^^
_ _ _ _ _ _ _ _ _ _ _ _ _ _ _ _ _ _ _ _ _ _ _ _ _ _ _ _ _ _ _ _ _ _ _ _ _ _ _ _

self = <sqlalchemy.dialects.sqlite.pysqlite.SQLiteDialect_pysqlite object at 0x0000020DC2D31A70>
cargs = ('C:\\Users\\benyamin\\airwall\\:memory:',)
cparams = {'check_same_thread': False}

    def connect(self, *cargs: Any, **cparams: Any) -> DBAPIConnection:
        # inherits the docstring from interfaces.Dialect.connect
>       return self.loaded_dbapi.connect(*cargs, **cparams)  # type: ignore[no-any-return]  # NOQA: E501
               ^^^^^^^^^^^^^^^^^^^^^^^^^^^^^^^^^^^^^^^^^^^^
E       sqlite3.OperationalError: unable to open database file

..\AppData\Local\Python\pythoncore-3.14-64\Lib\site-packages\sqlalchemy\engine\default.py:630: OperationalError

The above exception was the direct cause of the following exception:

    @pytest.fixture(autouse=True)
    def _fresh_db():
        from airwall_core.config import get_settings
    
        get_settings.cache_clear()
        from airwall_core.database import Base, get_engine, reset_engine
        from airwall_core.seed import run_seed
    
        reset_engine()
        engine = get_engine()
>       Base.metadata.drop_all(bind=engine)

tests\conftest.py:19: 
_ _ _ _ _ _ _ _ _ _ _ _ _ _ _ _ _ _ _ _ _ _ _ _ _ _ _ _ _ _ _ _ _ _ _ _ _ _ _ _
..\AppData\Local\Python\pythoncore-3.14-64\Lib\site-packages\sqlalchemy\sql\schema.py:5958: in drop_all
    bind._run_ddl_visitor(
..\AppData\Local\Python\pythoncore-3.14-64\Lib\site-packages\sqlalchemy\engine\base.py:3269: in _run_ddl_visitor
    with self.begin() as conn:
         ^^^^^^^^^^^^
..\AppData\Local\Python\pythoncore-3.14-64\Lib\contextlib.py:141: in __enter__
    return next(self.gen)
           ^^^^^^^^^^^^^^
..\AppData\Local\Python\pythoncore-3.14-64\Lib\site-packages\sqlalchemy\engine\base.py:3259: in begin
    with self.connect() as conn:
         ^^^^^^^^^^^^^^
..\AppData\Local\Python\pythoncore-3.14-64\Lib\site-packages\sqlalchemy\engine\base.py:3295: in connect
    return self._connection_cls(self)
           ^^^^^^^^^^^^^^^^^^^^^^^^^^
..\AppData\Local\Python\pythoncore-3.14-64\Lib\site-packages\sqlalchemy\engine\base.py:146: in __init__
    Connection._handle_dbapi_exception_noconnection(
..\AppData\Local\Python\pythoncore-3.14-64\Lib\site-packages\sqlalchemy\engine\base.py:2450: in _handle_dbapi_exception_noconnection
    raise sqlalchemy_exception.with_traceback(exc_info[2]) from e
..\AppData\Local\Python\pythoncore-3.14-64\Lib\site-packages\sqlalchemy\engine\base.py:144: in __init__
    self._dbapi_connection = engine.raw_connection()
                             ^^^^^^^^^^^^^^^^^^^^^^^
..\AppData\Local\Python\pythoncore-3.14-64\Lib\site-packages\sqlalchemy\engine\base.py:3319: in raw_connection
    return self.pool.connect()
           ^^^^^^^^^^^^^^^^^^^
..\AppData\Local\Python\pythoncore-3.14-64\Lib\site-packages\sqlalchemy\pool\base.py:448: in connect
    return _ConnectionFairy._checkout(self)
           ^^^^^^^^^^^^^^^^^^^^^^^^^^^^^^^^
..\AppData\Local\Python\pythoncore-3.14-64\Lib\site-packages\sqlalchemy\pool\base.py:1272: in _checkout
    fairy = _ConnectionRecord.checkout(pool)
            ^^^^^^^^^^^^^^^^^^^^^^^^^^^^^^^^
..\AppData\Local\Python\pythoncore-3.14-64\Lib\site-packages\sqlalchemy\pool\base.py:712: in checkout
    rec = pool._do_get()
          ^^^^^^^^^^^^^^
..\AppData\Local\Python\pythoncore-3.14-64\Lib\site-packages\sqlalchemy\pool\impl.py:178: in _do_get
    with util.safe_reraise():
         ^^^^^^^^^^^^^^^^^^^
..\AppData\Local\Python\pythoncore-3.14-64\Lib\site-packages\sqlalchemy\util\langhelpers.py:122: in __exit__
    raise exc_value.with_traceback(exc_tb)
..\AppData\Local\Python\pythoncore-3.14-64\Lib\site-packages\sqlalchemy\pool\impl.py:176: in _do_get
    return self._create_connection()
           ^^^^^^^^^^^^^^^^^^^^^^^^^
..\AppData\Local\Python\pythoncore-3.14-64\Lib\site-packages\sqlalchemy\pool\base.py:389: in _create_connection
    return _ConnectionRecord(self)
           ^^^^^^^^^^^^^^^^^^^^^^^
..\AppData\Local\Python\pythoncore-3.14-64\Lib\site-packages\sqlalchemy\pool\base.py:674: in __init__
    self.__connect()
..\AppData\Local\Python\pythoncore-3.14-64\Lib\site-packages\sqlalchemy\pool\base.py:900: in __connect
    with util.safe_reraise():
         ^^^^^^^^^^^^^^^^^^^
..\AppData\Local\Python\pythoncore-3.14-64\Lib\site-packages\sqlalchemy\util\langhelpers.py:122: in __exit__
    raise exc_value.with_traceback(exc_tb)
..\AppData\Local\Python\pythoncore-3.14-64\Lib\site-packages\sqlalchemy\pool\base.py:896: in __connect
    self.dbapi_connection = connection = pool._invoke_creator(self)
                                         ^^^^^^^^^^^^^^^^^^^^^^^^^^
..\AppData\Local\Python\pythoncore-3.14-64\Lib\site-packages\sqlalchemy\engine\create.py:667: in connect
    return dialect.connect(*cargs_tup, **cparams)
           ^^^^^^^^^^^^^^^^^^^^^^^^^^^^^^^^^^^^^^
_ _ _ _ _ _ _ _ _ _ _ _ _ _ _ _ _ _ _ _ _ _ _ _ _ _ _ _ _ _ _ _ _ _ _ _ _ _ _ _

self = <sqlalchemy.dialects.sqlite.pysqlite.SQLiteDialect_pysqlite object at 0x0000020DC2D31A70>
cargs = ('C:\\Users\\benyamin\\airwall\\:memory:',)
cparams = {'check_same_thread': False}

    def connect(self, *cargs: Any, **cparams: Any) -> DBAPIConnection:
        # inherits the docstring from interfaces.Dialect.connect
>       return self.loaded_dbapi.connect(*cargs, **cparams)  # type: ignore[no-any-return]  # NOQA: E501
               ^^^^^^^^^^^^^^^^^^^^^^^^^^^^^^^^^^^^^^^^^^^^
E       sqlalchemy.exc.OperationalError: (sqlite3.OperationalError) unable to open database file
E       (Background on this error at: https://sqlalche.me/e/20/e3q8)

..\AppData\Local\Python\pythoncore-3.14-64\Lib\site-packages\sqlalchemy\engine\default.py:630: OperationalError
________________ ERROR at setup of test_guard_blocks_injection ________________

self = <sqlalchemy.engine.base.Connection object at 0x0000020DC2D328B0>
engine = Engine(sqlite:///:memory: ), connection = None, _has_events = None
_allow_revalidate = True, _allow_autobegin = True

    def __init__(
        self,
        engine: Engine,
        connection: Optional[PoolProxiedConnection] = None,
        _has_events: Optional[bool] = None,
        _allow_revalidate: bool = True,
        _allow_autobegin: bool = True,
    ):
        """Construct a new Connection."""
        self.engine = engine
        self.dialect = dialect = engine.dialect
    
        if connection is None:
            try:
>               self._dbapi_connection = engine.raw_connection()
                                         ^^^^^^^^^^^^^^^^^^^^^^^

..\AppData\Local\Python\pythoncore-3.14-64\Lib\site-packages\sqlalchemy\engine\base.py:144: 
_ _ _ _ _ _ _ _ _ _ _ _ _ _ _ _ _ _ _ _ _ _ _ _ _ _ _ _ _ _ _ _ _ _ _ _ _ _ _ _
..\AppData\Local\Python\pythoncore-3.14-64\Lib\site-packages\sqlalchemy\engine\base.py:3319: in raw_connection
    return self.pool.connect()
           ^^^^^^^^^^^^^^^^^^^
..\AppData\Local\Python\pythoncore-3.14-64\Lib\site-packages\sqlalchemy\pool\base.py:448: in connect
    return _ConnectionFairy._checkout(self)
           ^^^^^^^^^^^^^^^^^^^^^^^^^^^^^^^^
..\AppData\Local\Python\pythoncore-3.14-64\Lib\site-packages\sqlalchemy\pool\base.py:1272: in _checkout
    fairy = _ConnectionRecord.checkout(pool)
            ^^^^^^^^^^^^^^^^^^^^^^^^^^^^^^^^
..\AppData\Local\Python\pythoncore-3.14-64\Lib\site-packages\sqlalchemy\pool\base.py:712: in checkout
    rec = pool._do_get()
          ^^^^^^^^^^^^^^
..\AppData\Local\Python\pythoncore-3.14-64\Lib\site-packages\sqlalchemy\pool\impl.py:178: in _do_get
    with util.safe_reraise():
         ^^^^^^^^^^^^^^^^^^^
..\AppData\Local\Python\pythoncore-3.14-64\Lib\site-packages\sqlalchemy\util\langhelpers.py:122: in __exit__
    raise exc_value.with_traceback(exc_tb)
..\AppData\Local\Python\pythoncore-3.14-64\Lib\site-packages\sqlalchemy\pool\impl.py:176: in _do_get
    return self._create_connection()
           ^^^^^^^^^^^^^^^^^^^^^^^^^
..\AppData\Local\Python\pythoncore-3.14-64\Lib\site-packages\sqlalchemy\pool\base.py:389: in _create_connection
    return _ConnectionRecord(self)
           ^^^^^^^^^^^^^^^^^^^^^^^
..\AppData\Local\Python\pythoncore-3.14-64\Lib\site-packages\sqlalchemy\pool\base.py:674: in __init__
    self.__connect()
..\AppData\Local\Python\pythoncore-3.14-64\Lib\site-packages\sqlalchemy\pool\base.py:900: in __connect
    with util.safe_reraise():
         ^^^^^^^^^^^^^^^^^^^
..\AppData\Local\Python\pythoncore-3.14-64\Lib\site-packages\sqlalchemy\util\langhelpers.py:122: in __exit__
    raise exc_value.with_traceback(exc_tb)
..\AppData\Local\Python\pythoncore-3.14-64\Lib\site-packages\sqlalchemy\pool\base.py:896: in __connect
    self.dbapi_connection = connection = pool._invoke_creator(self)
                                         ^^^^^^^^^^^^^^^^^^^^^^^^^^
..\AppData\Local\Python\pythoncore-3.14-64\Lib\site-packages\sqlalchemy\engine\create.py:667: in connect
    return dialect.connect(*cargs_tup, **cparams)
           ^^^^^^^^^^^^^^^^^^^^^^^^^^^^^^^^^^^^^^
_ _ _ _ _ _ _ _ _ _ _ _ _ _ _ _ _ _ _ _ _ _ _ _ _ _ _ _ _ _ _ _ _ _ _ _ _ _ _ _

self = <sqlalchemy.dialects.sqlite.pysqlite.SQLiteDialect_pysqlite object at 0x0000020DC2D32B10>
cargs = ('C:\\Users\\benyamin\\airwall\\:memory:',)
cparams = {'check_same_thread': False}

    def connect(self, *cargs: Any, **cparams: Any) -> DBAPIConnection:
        # inherits the docstring from interfaces.Dialect.connect
>       return self.loaded_dbapi.connect(*cargs, **cparams)  # type: ignore[no-any-return]  # NOQA: E501
               ^^^^^^^^^^^^^^^^^^^^^^^^^^^^^^^^^^^^^^^^^^^^
E       sqlite3.OperationalError: unable to open database file

..\AppData\Local\Python\pythoncore-3.14-64\Lib\site-packages\sqlalchemy\engine\default.py:630: OperationalError

The above exception was the direct cause of the following exception:

    @pytest.fixture(autouse=True)
    def _fresh_db():
        from airwall_core.config import get_settings
    
        get_settings.cache_clear()
        from airwall_core.database import Base, get_engine, reset_engine
        from airwall_core.seed import run_seed
    
        reset_engine()
        engine = get_engine()
>       Base.metadata.drop_all(bind=engine)

tests\conftest.py:19: 
_ _ _ _ _ _ _ _ _ _ _ _ _ _ _ _ _ _ _ _ _ _ _ _ _ _ _ _ _ _ _ _ _ _ _ _ _ _ _ _
..\AppData\Local\Python\pythoncore-3.14-64\Lib\site-packages\sqlalchemy\sql\schema.py:5958: in drop_all
    bind._run_ddl_visitor(
..\AppData\Local\Python\pythoncore-3.14-64\Lib\site-packages\sqlalchemy\engine\base.py:3269: in _run_ddl_visitor
    with self.begin() as conn:
         ^^^^^^^^^^^^
..\AppData\Local\Python\pythoncore-3.14-64\Lib\contextlib.py:141: in __enter__
    return next(self.gen)
           ^^^^^^^^^^^^^^
..\AppData\Local\Python\pythoncore-3.14-64\Lib\site-packages\sqlalchemy\engine\base.py:3259: in begin
    with self.connect() as conn:
         ^^^^^^^^^^^^^^
..\AppData\Local\Python\pythoncore-3.14-64\Lib\site-packages\sqlalchemy\engine\base.py:3295: in connect
    return self._connection_cls(self)
           ^^^^^^^^^^^^^^^^^^^^^^^^^^
..\AppData\Local\Python\pythoncore-3.14-64\Lib\site-packages\sqlalchemy\engine\base.py:146: in __init__
    Connection._handle_dbapi_exception_noconnection(
..\AppData\Local\Python\pythoncore-3.14-64\Lib\site-packages\sqlalchemy\engine\base.py:2450: in _handle_dbapi_exception_noconnection
    raise sqlalchemy_exception.with_traceback(exc_info[2]) from e
..\AppData\Local\Python\pythoncore-3.14-64\Lib\site-packages\sqlalchemy\engine\base.py:144: in __init__
    self._dbapi_connection = engine.raw_connection()
                             ^^^^^^^^^^^^^^^^^^^^^^^
..\AppData\Local\Python\pythoncore-3.14-64\Lib\site-packages\sqlalchemy\engine\base.py:3319: in raw_connection
    return self.pool.connect()
           ^^^^^^^^^^^^^^^^^^^
..\AppData\Local\Python\pythoncore-3.14-64\Lib\site-packages\sqlalchemy\pool\base.py:448: in connect
    return _ConnectionFairy._checkout(self)
           ^^^^^^^^^^^^^^^^^^^^^^^^^^^^^^^^
..\AppData\Local\Python\pythoncore-3.14-64\Lib\site-packages\sqlalchemy\pool\base.py:1272: in _checkout
    fairy = _ConnectionRecord.checkout(pool)
            ^^^^^^^^^^^^^^^^^^^^^^^^^^^^^^^^
..\AppData\Local\Python\pythoncore-3.14-64\Lib\site-packages\sqlalchemy\pool\base.py:712: in checkout
    rec = pool._do_get()
          ^^^^^^^^^^^^^^
..\AppData\Local\Python\pythoncore-3.14-64\Lib\site-packages\sqlalchemy\pool\impl.py:178: in _do_get
    with util.safe_reraise():
         ^^^^^^^^^^^^^^^^^^^
..\AppData\Local\Python\pythoncore-3.14-64\Lib\site-packages\sqlalchemy\util\langhelpers.py:122: in __exit__
    raise exc_value.with_traceback(exc_tb)
..\AppData\Local\Python\pythoncore-3.14-64\Lib\site-packages\sqlalchemy\pool\impl.py:176: in _do_get
    return self._create_connection()
           ^^^^^^^^^^^^^^^^^^^^^^^^^
..\AppData\Local\Python\pythoncore-3.14-64\Lib\site-packages\sqlalchemy\pool\base.py:389: in _create_connection
    return _ConnectionRecord(self)
           ^^^^^^^^^^^^^^^^^^^^^^^
..\AppData\Local\Python\pythoncore-3.14-64\Lib\site-packages\sqlalchemy\pool\base.py:674: in __init__
    self.__connect()
..\AppData\Local\Python\pythoncore-3.14-64\Lib\site-packages\sqlalchemy\pool\base.py:900: in __connect
    with util.safe_reraise():
         ^^^^^^^^^^^^^^^^^^^
..\AppData\Local\Python\pythoncore-3.14-64\Lib\site-packages\sqlalchemy\util\langhelpers.py:122: in __exit__
    raise exc_value.with_traceback(exc_tb)
..\AppData\Local\Python\pythoncore-3.14-64\Lib\site-packages\sqlalchemy\pool\base.py:896: in __connect
    self.dbapi_connection = connection = pool._invoke_creator(self)
                                         ^^^^^^^^^^^^^^^^^^^^^^^^^^
..\AppData\Local\Python\pythoncore-3.14-64\Lib\site-packages\sqlalchemy\engine\create.py:667: in connect
    return dialect.connect(*cargs_tup, **cparams)
           ^^^^^^^^^^^^^^^^^^^^^^^^^^^^^^^^^^^^^^
_ _ _ _ _ _ _ _ _ _ _ _ _ _ _ _ _ _ _ _ _ _ _ _ _ _ _ _ _ _ _ _ _ _ _ _ _ _ _ _

self = <sqlalchemy.dialects.sqlite.pysqlite.SQLiteDialect_pysqlite object at 0x0000020DC2D32B10>
cargs = ('C:\\Users\\benyamin\\airwall\\:memory:',)
cparams = {'check_same_thread': False}

    def connect(self, *cargs: Any, **cparams: Any) -> DBAPIConnection:
        # inherits the docstring from interfaces.Dialect.connect
>       return self.loaded_dbapi.connect(*cargs, **cparams)  # type: ignore[no-any-return]  # NOQA: E501
               ^^^^^^^^^^^^^^^^^^^^^^^^^^^^^^^^^^^^^^^^^^^^
E       sqlalchemy.exc.OperationalError: (sqlite3.OperationalError) unable to open database file
E       (Background on this error at: https://sqlalche.me/e/20/e3q8)

..\AppData\Local\Python\pythoncore-3.14-64\Lib\site-packages\sqlalchemy\engine\default.py:630: OperationalError
_______________ ERROR at setup of test_customer_denied_payroll ________________

self = <sqlalchemy.engine.base.Connection object at 0x0000020DC2D197F0>
engine = Engine(sqlite:///:memory: ), connection = None, _has_events = None
_allow_revalidate = True, _allow_autobegin = True

    def __init__(
        self,
        engine: Engine,
        connection: Optional[PoolProxiedConnection] = None,
        _has_events: Optional[bool] = None,
        _allow_revalidate: bool = True,
        _allow_autobegin: bool = True,
    ):
        """Construct a new Connection."""
        self.engine = engine
        self.dialect = dialect = engine.dialect
    
        if connection is None:
            try:
>               self._dbapi_connection = engine.raw_connection()
                                         ^^^^^^^^^^^^^^^^^^^^^^^

..\AppData\Local\Python\pythoncore-3.14-64\Lib\site-packages\sqlalchemy\engine\base.py:144: 
_ _ _ _ _ _ _ _ _ _ _ _ _ _ _ _ _ _ _ _ _ _ _ _ _ _ _ _ _ _ _ _ _ _ _ _ _ _ _ _
..\AppData\Local\Python\pythoncore-3.14-64\Lib\site-packages\sqlalchemy\engine\base.py:3319: in raw_connection
    return self.pool.connect()
           ^^^^^^^^^^^^^^^^^^^
..\AppData\Local\Python\pythoncore-3.14-64\Lib\site-packages\sqlalchemy\pool\base.py:448: in connect
    return _ConnectionFairy._checkout(self)
           ^^^^^^^^^^^^^^^^^^^^^^^^^^^^^^^^
..\AppData\Local\Python\pythoncore-3.14-64\Lib\site-packages\sqlalchemy\pool\base.py:1272: in _checkout
    fairy = _ConnectionRecord.checkout(pool)
            ^^^^^^^^^^^^^^^^^^^^^^^^^^^^^^^^
..\AppData\Local\Python\pythoncore-3.14-64\Lib\site-packages\sqlalchemy\pool\base.py:712: in checkout
    rec = pool._do_get()
          ^^^^^^^^^^^^^^
..\AppData\Local\Python\pythoncore-3.14-64\Lib\site-packages\sqlalchemy\pool\impl.py:178: in _do_get
    with util.safe_reraise():
         ^^^^^^^^^^^^^^^^^^^
..\AppData\Local\Python\pythoncore-3.14-64\Lib\site-packages\sqlalchemy\util\langhelpers.py:122: in __exit__
    raise exc_value.with_traceback(exc_tb)
..\AppData\Local\Python\pythoncore-3.14-64\Lib\site-packages\sqlalchemy\pool\impl.py:176: in _do_get
    return self._create_connection()
           ^^^^^^^^^^^^^^^^^^^^^^^^^
..\AppData\Local\Python\pythoncore-3.14-64\Lib\site-packages\sqlalchemy\pool\base.py:389: in _create_connection
    return _ConnectionRecord(self)
           ^^^^^^^^^^^^^^^^^^^^^^^
..\AppData\Local\Python\pythoncore-3.14-64\Lib\site-packages\sqlalchemy\pool\base.py:674: in __init__
    self.__connect()
..\AppData\Local\Python\pythoncore-3.14-64\Lib\site-packages\sqlalchemy\pool\base.py:900: in __connect
    with util.safe_reraise():
         ^^^^^^^^^^^^^^^^^^^
..\AppData\Local\Python\pythoncore-3.14-64\Lib\site-packages\sqlalchemy\util\langhelpers.py:122: in __exit__
    raise exc_value.with_traceback(exc_tb)
..\AppData\Local\Python\pythoncore-3.14-64\Lib\site-packages\sqlalchemy\pool\base.py:896: in __connect
    self.dbapi_connection = connection = pool._invoke_creator(self)
                                         ^^^^^^^^^^^^^^^^^^^^^^^^^^
..\AppData\Local\Python\pythoncore-3.14-64\Lib\site-packages\sqlalchemy\engine\create.py:667: in connect
    return dialect.connect(*cargs_tup, **cparams)
           ^^^^^^^^^^^^^^^^^^^^^^^^^^^^^^^^^^^^^^
_ _ _ _ _ _ _ _ _ _ _ _ _ _ _ _ _ _ _ _ _ _ _ _ _ _ _ _ _ _ _ _ _ _ _ _ _ _ _ _

self = <sqlalchemy.dialects.sqlite.pysqlite.SQLiteDialect_pysqlite object at 0x0000020DC2D19EB0>
cargs = ('C:\\Users\\benyamin\\airwall\\:memory:',)
cparams = {'check_same_thread': False}

    def connect(self, *cargs: Any, **cparams: Any) -> DBAPIConnection:
        # inherits the docstring from interfaces.Dialect.connect
>       return self.loaded_dbapi.connect(*cargs, **cparams)  # type: ignore[no-any-return]  # NOQA: E501
               ^^^^^^^^^^^^^^^^^^^^^^^^^^^^^^^^^^^^^^^^^^^^
E       sqlite3.OperationalError: unable to open database file

..\AppData\Local\Python\pythoncore-3.14-64\Lib\site-packages\sqlalchemy\engine\default.py:630: OperationalError

The above exception was the direct cause of the following exception:

    @pytest.fixture(autouse=True)
    def _fresh_db():
        from airwall_core.config import get_settings
    
        get_settings.cache_clear()
        from airwall_core.database import Base, get_engine, reset_engine
        from airwall_core.seed import run_seed
    
        reset_engine()
        engine = get_engine()
>       Base.metadata.drop_all(bind=engine)

tests\conftest.py:19: 
_ _ _ _ _ _ _ _ _ _ _ _ _ _ _ _ _ _ _ _ _ _ _ _ _ _ _ _ _ _ _ _ _ _ _ _ _ _ _ _
..\AppData\Local\Python\pythoncore-3.14-64\Lib\site-packages\sqlalchemy\sql\schema.py:5958: in drop_all
    bind._run_ddl_visitor(
..\AppData\Local\Python\pythoncore-3.14-64\Lib\site-packages\sqlalchemy\engine\base.py:3269: in _run_ddl_visitor
    with self.begin() as conn:
         ^^^^^^^^^^^^
..\AppData\Local\Python\pythoncore-3.14-64\Lib\contextlib.py:141: in __enter__
    return next(self.gen)
           ^^^^^^^^^^^^^^
..\AppData\Local\Python\pythoncore-3.14-64\Lib\site-packages\sqlalchemy\engine\base.py:3259: in begin
    with self.connect() as conn:
         ^^^^^^^^^^^^^^
..\AppData\Local\Python\pythoncore-3.14-64\Lib\site-packages\sqlalchemy\engine\base.py:3295: in connect
    return self._connection_cls(self)
           ^^^^^^^^^^^^^^^^^^^^^^^^^^
..\AppData\Local\Python\pythoncore-3.14-64\Lib\site-packages\sqlalchemy\engine\base.py:146: in __init__
    Connection._handle_dbapi_exception_noconnection(
..\AppData\Local\Python\pythoncore-3.14-64\Lib\site-packages\sqlalchemy\engine\base.py:2450: in _handle_dbapi_exception_noconnection
    raise sqlalchemy_exception.with_traceback(exc_info[2]) from e
..\AppData\Local\Python\pythoncore-3.14-64\Lib\site-packages\sqlalchemy\engine\base.py:144: in __init__
    self._dbapi_connection = engine.raw_connection()
                             ^^^^^^^^^^^^^^^^^^^^^^^
..\AppData\Local\Python\pythoncore-3.14-64\Lib\site-packages\sqlalchemy\engine\base.py:3319: in raw_connection
    return self.pool.connect()
           ^^^^^^^^^^^^^^^^^^^
..\AppData\Local\Python\pythoncore-3.14-64\Lib\site-packages\sqlalchemy\pool\base.py:448: in connect
    return _ConnectionFairy._checkout(self)
           ^^^^^^^^^^^^^^^^^^^^^^^^^^^^^^^^
..\AppData\Local\Python\pythoncore-3.14-64\Lib\site-packages\sqlalchemy\pool\base.py:1272: in _checkout
    fairy = _ConnectionRecord.checkout(pool)
            ^^^^^^^^^^^^^^^^^^^^^^^^^^^^^^^^
..\AppData\Local\Python\pythoncore-3.14-64\Lib\site-packages\sqlalchemy\pool\base.py:712: in checkout
    rec = pool._do_get()
          ^^^^^^^^^^^^^^
..\AppData\Local\Python\pythoncore-3.14-64\Lib\site-packages\sqlalchemy\pool\impl.py:178: in _do_get
    with util.safe_reraise():
         ^^^^^^^^^^^^^^^^^^^
..\AppData\Local\Python\pythoncore-3.14-64\Lib\site-packages\sqlalchemy\util\langhelpers.py:122: in __exit__
    raise exc_value.with_traceback(exc_tb)
..\AppData\Local\Python\pythoncore-3.14-64\Lib\site-packages\sqlalchemy\pool\impl.py:176: in _do_get
    return self._create_connection()
           ^^^^^^^^^^^^^^^^^^^^^^^^^
..\AppData\Local\Python\pythoncore-3.14-64\Lib\site-packages\sqlalchemy\pool\base.py:389: in _create_connection
    return _ConnectionRecord(self)
           ^^^^^^^^^^^^^^^^^^^^^^^
..\AppData\Local\Python\pythoncore-3.14-64\Lib\site-packages\sqlalchemy\pool\base.py:674: in __init__
    self.__connect()
..\AppData\Local\Python\pythoncore-3.14-64\Lib\site-packages\sqlalchemy\pool\base.py:900: in __connect
    with util.safe_reraise():
         ^^^^^^^^^^^^^^^^^^^
..\AppData\Local\Python\pythoncore-3.14-64\Lib\site-packages\sqlalchemy\util\langhelpers.py:122: in __exit__
    raise exc_value.with_traceback(exc_tb)
..\AppData\Local\Python\pythoncore-3.14-64\Lib\site-packages\sqlalchemy\pool\base.py:896: in __connect
    self.dbapi_connection = connection = pool._invoke_creator(self)
                                         ^^^^^^^^^^^^^^^^^^^^^^^^^^
..\AppData\Local\Python\pythoncore-3.14-64\Lib\site-packages\sqlalchemy\engine\create.py:667: in connect
    return dialect.connect(*cargs_tup, **cparams)
           ^^^^^^^^^^^^^^^^^^^^^^^^^^^^^^^^^^^^^^
_ _ _ _ _ _ _ _ _ _ _ _ _ _ _ _ _ _ _ _ _ _ _ _ _ _ _ _ _ _ _ _ _ _ _ _ _ _ _ _

self = <sqlalchemy.dialects.sqlite.pysqlite.SQLiteDialect_pysqlite object at 0x0000020DC2D19EB0>
cargs = ('C:\\Users\\benyamin\\airwall\\:memory:',)
cparams = {'check_same_thread': False}

    def connect(self, *cargs: Any, **cparams: Any) -> DBAPIConnection:
        # inherits the docstring from interfaces.Dialect.connect
>       return self.loaded_dbapi.connect(*cargs, **cparams)  # type: ignore[no-any-return]  # NOQA: E501
               ^^^^^^^^^^^^^^^^^^^^^^^^^^^^^^^^^^^^^^^^^^^^
E       sqlalchemy.exc.OperationalError: (sqlite3.OperationalError) unable to open database file
E       (Background on this error at: https://sqlalche.me/e/20/e3q8)

..\AppData\Local\Python\pythoncore-3.14-64\Lib\site-packages\sqlalchemy\engine\default.py:630: OperationalError
______________ ERROR at setup of test_employee_allowed_directory ______________

self = <sqlalchemy.engine.base.Connection object at 0x0000020DC3BA4160>
engine = Engine(sqlite:///:memory: ), connection = None, _has_events = None
_allow_revalidate = True, _allow_autobegin = True

    def __init__(
        self,
        engine: Engine,
        connection: Optional[PoolProxiedConnection] = None,
        _has_events: Optional[bool] = None,
        _allow_revalidate: bool = True,
        _allow_autobegin: bool = True,
    ):
        """Construct a new Connection."""
        self.engine = engine
        self.dialect = dialect = engine.dialect
    
        if connection is None:
            try:
>               self._dbapi_connection = engine.raw_connection()
                                         ^^^^^^^^^^^^^^^^^^^^^^^

..\AppData\Local\Python\pythoncore-3.14-64\Lib\site-packages\sqlalchemy\engine\base.py:144: 
_ _ _ _ _ _ _ _ _ _ _ _ _ _ _ _ _ _ _ _ _ _ _ _ _ _ _ _ _ _ _ _ _ _ _ _ _ _ _ _
..\AppData\Local\Python\pythoncore-3.14-64\Lib\site-packages\sqlalchemy\engine\base.py:3319: in raw_connection
    return self.pool.connect()
           ^^^^^^^^^^^^^^^^^^^
..\AppData\Local\Python\pythoncore-3.14-64\Lib\site-packages\sqlalchemy\pool\base.py:448: in connect
    return _ConnectionFairy._checkout(self)
           ^^^^^^^^^^^^^^^^^^^^^^^^^^^^^^^^
..\AppData\Local\Python\pythoncore-3.14-64\Lib\site-packages\sqlalchemy\pool\base.py:1272: in _checkout
    fairy = _ConnectionRecord.checkout(pool)
            ^^^^^^^^^^^^^^^^^^^^^^^^^^^^^^^^
..\AppData\Local\Python\pythoncore-3.14-64\Lib\site-packages\sqlalchemy\pool\base.py:712: in checkout
    rec = pool._do_get()
          ^^^^^^^^^^^^^^
..\AppData\Local\Python\pythoncore-3.14-64\Lib\site-packages\sqlalchemy\pool\impl.py:178: in _do_get
    with util.safe_reraise():
         ^^^^^^^^^^^^^^^^^^^
..\AppData\Local\Python\pythoncore-3.14-64\Lib\site-packages\sqlalchemy\util\langhelpers.py:122: in __exit__
    raise exc_value.with_traceback(exc_tb)
..\AppData\Local\Python\pythoncore-3.14-64\Lib\site-packages\sqlalchemy\pool\impl.py:176: in _do_get
    return self._create_connection()
           ^^^^^^^^^^^^^^^^^^^^^^^^^
..\AppData\Local\Python\pythoncore-3.14-64\Lib\site-packages\sqlalchemy\pool\base.py:389: in _create_connection
    return _ConnectionRecord(self)
           ^^^^^^^^^^^^^^^^^^^^^^^
..\AppData\Local\Python\pythoncore-3.14-64\Lib\site-packages\sqlalchemy\pool\base.py:674: in __init__
    self.__connect()
..\AppData\Local\Python\pythoncore-3.14-64\Lib\site-packages\sqlalchemy\pool\base.py:900: in __connect
    with util.safe_reraise():
         ^^^^^^^^^^^^^^^^^^^
..\AppData\Local\Python\pythoncore-3.14-64\Lib\site-packages\sqlalchemy\util\langhelpers.py:122: in __exit__
    raise exc_value.with_traceback(exc_tb)
..\AppData\Local\Python\pythoncore-3.14-64\Lib\site-packages\sqlalchemy\pool\base.py:896: in __connect
    self.dbapi_connection = connection = pool._invoke_creator(self)
                                         ^^^^^^^^^^^^^^^^^^^^^^^^^^
..\AppData\Local\Python\pythoncore-3.14-64\Lib\site-packages\sqlalchemy\engine\create.py:667: in connect
    return dialect.connect(*cargs_tup, **cparams)
           ^^^^^^^^^^^^^^^^^^^^^^^^^^^^^^^^^^^^^^
_ _ _ _ _ _ _ _ _ _ _ _ _ _ _ _ _ _ _ _ _ _ _ _ _ _ _ _ _ _ _ _ _ _ _ _ _ _ _ _

self = <sqlalchemy.dialects.sqlite.pysqlite.SQLiteDialect_pysqlite object at 0x0000020DC3BA48D0>
cargs = ('C:\\Users\\benyamin\\airwall\\:memory:',)
cparams = {'check_same_thread': False}

    def connect(self, *cargs: Any, **cparams: Any) -> DBAPIConnection:
        # inherits the docstring from interfaces.Dialect.connect
>       return self.loaded_dbapi.connect(*cargs, **cparams)  # type: ignore[no-any-return]  # NOQA: E501
               ^^^^^^^^^^^^^^^^^^^^^^^^^^^^^^^^^^^^^^^^^^^^
E       sqlite3.OperationalError: unable to open database file

..\AppData\Local\Python\pythoncore-3.14-64\Lib\site-packages\sqlalchemy\engine\default.py:630: OperationalError

The above exception was the direct cause of the following exception:

    @pytest.fixture(autouse=True)
    def _fresh_db():
        from airwall_core.config import get_settings
    
        get_settings.cache_clear()
        from airwall_core.database import Base, get_engine, reset_engine
        from airwall_core.seed import run_seed
    
        reset_engine()
        engine = get_engine()
>       Base.metadata.drop_all(bind=engine)

tests\conftest.py:19: 
_ _ _ _ _ _ _ _ _ _ _ _ _ _ _ _ _ _ _ _ _ _ _ _ _ _ _ _ _ _ _ _ _ _ _ _ _ _ _ _
..\AppData\Local\Python\pythoncore-3.14-64\Lib\site-packages\sqlalchemy\sql\schema.py:5958: in drop_all
    bind._run_ddl_visitor(
..\AppData\Local\Python\pythoncore-3.14-64\Lib\site-packages\sqlalchemy\engine\base.py:3269: in _run_ddl_visitor
    with self.begin() as conn:
         ^^^^^^^^^^^^
..\AppData\Local\Python\pythoncore-3.14-64\Lib\contextlib.py:141: in __enter__
    return next(self.gen)
           ^^^^^^^^^^^^^^
..\AppData\Local\Python\pythoncore-3.14-64\Lib\site-packages\sqlalchemy\engine\base.py:3259: in begin
    with self.connect() as conn:
         ^^^^^^^^^^^^^^
..\AppData\Local\Python\pythoncore-3.14-64\Lib\site-packages\sqlalchemy\engine\base.py:3295: in connect
    return self._connection_cls(self)
           ^^^^^^^^^^^^^^^^^^^^^^^^^^
..\AppData\Local\Python\pythoncore-3.14-64\Lib\site-packages\sqlalchemy\engine\base.py:146: in __init__
    Connection._handle_dbapi_exception_noconnection(
..\AppData\Local\Python\pythoncore-3.14-64\Lib\site-packages\sqlalchemy\engine\base.py:2450: in _handle_dbapi_exception_noconnection
    raise sqlalchemy_exception.with_traceback(exc_info[2]) from e
..\AppData\Local\Python\pythoncore-3.14-64\Lib\site-packages\sqlalchemy\engine\base.py:144: in __init__
    self._dbapi_connection = engine.raw_connection()
                             ^^^^^^^^^^^^^^^^^^^^^^^
..\AppData\Local\Python\pythoncore-3.14-64\Lib\site-packages\sqlalchemy\engine\base.py:3319: in raw_connection
    return self.pool.connect()
           ^^^^^^^^^^^^^^^^^^^
..\AppData\Local\Python\pythoncore-3.14-64\Lib\site-packages\sqlalchemy\pool\base.py:448: in connect
    return _ConnectionFairy._checkout(self)
           ^^^^^^^^^^^^^^^^^^^^^^^^^^^^^^^^
..\AppData\Local\Python\pythoncore-3.14-64\Lib\site-packages\sqlalchemy\pool\base.py:1272: in _checkout
    fairy = _ConnectionRecord.checkout(pool)
            ^^^^^^^^^^^^^^^^^^^^^^^^^^^^^^^^
..\AppData\Local\Python\pythoncore-3.14-64\Lib\site-packages\sqlalchemy\pool\base.py:712: in checkout
    rec = pool._do_get()
          ^^^^^^^^^^^^^^
..\AppData\Local\Python\pythoncore-3.14-64\Lib\site-packages\sqlalchemy\pool\impl.py:178: in _do_get
    with util.safe_reraise():
         ^^^^^^^^^^^^^^^^^^^
..\AppData\Local\Python\pythoncore-3.14-64\Lib\site-packages\sqlalchemy\util\langhelpers.py:122: in __exit__
    raise exc_value.with_traceback(exc_tb)
..\AppData\Local\Python\pythoncore-3.14-64\Lib\site-packages\sqlalchemy\pool\impl.py:176: in _do_get
    return self._create_connection()
           ^^^^^^^^^^^^^^^^^^^^^^^^^
..\AppData\Local\Python\pythoncore-3.14-64\Lib\site-packages\sqlalchemy\pool\base.py:389: in _create_connection
    return _ConnectionRecord(self)
           ^^^^^^^^^^^^^^^^^^^^^^^
..\AppData\Local\Python\pythoncore-3.14-64\Lib\site-packages\sqlalchemy\pool\base.py:674: in __init__
    self.__connect()
..\AppData\Local\Python\pythoncore-3.14-64\Lib\site-packages\sqlalchemy\pool\base.py:900: in __connect
    with util.safe_reraise():
         ^^^^^^^^^^^^^^^^^^^
..\AppData\Local\Python\pythoncore-3.14-64\Lib\site-packages\sqlalchemy\util\langhelpers.py:122: in __exit__
    raise exc_value.with_traceback(exc_tb)
..\AppData\Local\Python\pythoncore-3.14-64\Lib\site-packages\sqlalchemy\pool\base.py:896: in __connect
    self.dbapi_connection = connection = pool._invoke_creator(self)
                                         ^^^^^^^^^^^^^^^^^^^^^^^^^^
..\AppData\Local\Python\pythoncore-3.14-64\Lib\site-packages\sqlalchemy\engine\create.py:667: in connect
    return dialect.connect(*cargs_tup, **cparams)
           ^^^^^^^^^^^^^^^^^^^^^^^^^^^^^^^^^^^^^^
_ _ _ _ _ _ _ _ _ _ _ _ _ _ _ _ _ _ _ _ _ _ _ _ _ _ _ _ _ _ _ _ _ _ _ _ _ _ _ _

self = <sqlalchemy.dialects.sqlite.pysqlite.SQLiteDialect_pysqlite object at 0x0000020DC3BA48D0>
cargs = ('C:\\Users\\benyamin\\airwall\\:memory:',)
cparams = {'check_same_thread': False}

    def connect(self, *cargs: Any, **cparams: Any) -> DBAPIConnection:
        # inherits the docstring from interfaces.Dialect.connect
>       return self.loaded_dbapi.connect(*cargs, **cparams)  # type: ignore[no-any-return]  # NOQA: E501
               ^^^^^^^^^^^^^^^^^^^^^^^^^^^^^^^^^^^^^^^^^^^^
E       sqlalchemy.exc.OperationalError: (sqlite3.OperationalError) unable to open database file
E       (Background on this error at: https://sqlalche.me/e/20/e3q8)

..\AppData\Local\Python\pythoncore-3.14-64\Lib\site-packages\sqlalchemy\engine\default.py:630: OperationalError
___________ ERROR at setup of test_sandbox_blocks_customer_salaries ___________

self = <sqlalchemy.engine.base.Connection object at 0x0000020DC3BA5590>
engine = Engine(sqlite:///:memory: ), connection = None, _has_events = None
_allow_revalidate = True, _allow_autobegin = True

    def __init__(
        self,
        engine: Engine,
        connection: Optional[PoolProxiedConnection] = None,
        _has_events: Optional[bool] = None,
        _allow_revalidate: bool = True,
        _allow_autobegin: bool = True,
    ):
        """Construct a new Connection."""
        self.engine = engine
        self.dialect = dialect = engine.dialect
    
        if connection is None:
            try:
>               self._dbapi_connection = engine.raw_connection()
                                         ^^^^^^^^^^^^^^^^^^^^^^^

..\AppData\Local\Python\pythoncore-3.14-64\Lib\site-packages\sqlalchemy\engine\base.py:144: 
_ _ _ _ _ _ _ _ _ _ _ _ _ _ _ _ _ _ _ _ _ _ _ _ _ _ _ _ _ _ _ _ _ _ _ _ _ _ _ _
..\AppData\Local\Python\pythoncore-3.14-64\Lib\site-packages\sqlalchemy\engine\base.py:3319: in raw_connection
    return self.pool.connect()
           ^^^^^^^^^^^^^^^^^^^
..\AppData\Local\Python\pythoncore-3.14-64\Lib\site-packages\sqlalchemy\pool\base.py:448: in connect
    return _ConnectionFairy._checkout(self)
           ^^^^^^^^^^^^^^^^^^^^^^^^^^^^^^^^
..\AppData\Local\Python\pythoncore-3.14-64\Lib\site-packages\sqlalchemy\pool\base.py:1272: in _checkout
    fairy = _ConnectionRecord.checkout(pool)
            ^^^^^^^^^^^^^^^^^^^^^^^^^^^^^^^^
..\AppData\Local\Python\pythoncore-3.14-64\Lib\site-packages\sqlalchemy\pool\base.py:712: in checkout
    rec = pool._do_get()
          ^^^^^^^^^^^^^^
..\AppData\Local\Python\pythoncore-3.14-64\Lib\site-packages\sqlalchemy\pool\impl.py:178: in _do_get
    with util.safe_reraise():
         ^^^^^^^^^^^^^^^^^^^
..\AppData\Local\Python\pythoncore-3.14-64\Lib\site-packages\sqlalchemy\util\langhelpers.py:122: in __exit__
    raise exc_value.with_traceback(exc_tb)
..\AppData\Local\Python\pythoncore-3.14-64\Lib\site-packages\sqlalchemy\pool\impl.py:176: in _do_get
    return self._create_connection()
           ^^^^^^^^^^^^^^^^^^^^^^^^^
..\AppData\Local\Python\pythoncore-3.14-64\Lib\site-packages\sqlalchemy\pool\base.py:389: in _create_connection
    return _ConnectionRecord(self)
           ^^^^^^^^^^^^^^^^^^^^^^^
..\AppData\Local\Python\pythoncore-3.14-64\Lib\site-packages\sqlalchemy\pool\base.py:674: in __init__
    self.__connect()
..\AppData\Local\Python\pythoncore-3.14-64\Lib\site-packages\sqlalchemy\pool\base.py:900: in __connect
    with util.safe_reraise():
         ^^^^^^^^^^^^^^^^^^^
..\AppData\Local\Python\pythoncore-3.14-64\Lib\site-packages\sqlalchemy\util\langhelpers.py:122: in __exit__
    raise exc_value.with_traceback(exc_tb)
..\AppData\Local\Python\pythoncore-3.14-64\Lib\site-packages\sqlalchemy\pool\base.py:896: in __connect
    self.dbapi_connection = connection = pool._invoke_creator(self)
                                         ^^^^^^^^^^^^^^^^^^^^^^^^^^
..\AppData\Local\Python\pythoncore-3.14-64\Lib\site-packages\sqlalchemy\engine\create.py:667: in connect
    return dialect.connect(*cargs_tup, **cparams)
           ^^^^^^^^^^^^^^^^^^^^^^^^^^^^^^^^^^^^^^
_ _ _ _ _ _ _ _ _ _ _ _ _ _ _ _ _ _ _ _ _ _ _ _ _ _ _ _ _ _ _ _ _ _ _ _ _ _ _ _

self = <sqlalchemy.dialects.sqlite.pysqlite.SQLiteDialect_pysqlite object at 0x0000020DC3BA58C0>
cargs = ('C:\\Users\\benyamin\\airwall\\:memory:',)
cparams = {'check_same_thread': False}

    def connect(self, *cargs: Any, **cparams: Any) -> DBAPIConnection:
        # inherits the docstring from interfaces.Dialect.connect
>       return self.loaded_dbapi.connect(*cargs, **cparams)  # type: ignore[no-any-return]  # NOQA: E501
               ^^^^^^^^^^^^^^^^^^^^^^^^^^^^^^^^^^^^^^^^^^^^
E       sqlite3.OperationalError: unable to open database file

..\AppData\Local\Python\pythoncore-3.14-64\Lib\site-packages\sqlalchemy\engine\default.py:630: OperationalError

The above exception was the direct cause of the following exception:

    @pytest.fixture(autouse=True)
    def _fresh_db():
        from airwall_core.config import get_settings
    
        get_settings.cache_clear()
        from airwall_core.database import Base, get_engine, reset_engine
        from airwall_core.seed import run_seed
    
        reset_engine()
        engine = get_engine()
>       Base.metadata.drop_all(bind=engine)

tests\conftest.py:19: 
_ _ _ _ _ _ _ _ _ _ _ _ _ _ _ _ _ _ _ _ _ _ _ _ _ _ _ _ _ _ _ _ _ _ _ _ _ _ _ _
..\AppData\Local\Python\pythoncore-3.14-64\Lib\site-packages\sqlalchemy\sql\schema.py:5958: in drop_all
    bind._run_ddl_visitor(
..\AppData\Local\Python\pythoncore-3.14-64\Lib\site-packages\sqlalchemy\engine\base.py:3269: in _run_ddl_visitor
    with self.begin() as conn:
         ^^^^^^^^^^^^
..\AppData\Local\Python\pythoncore-3.14-64\Lib\contextlib.py:141: in __enter__
    return next(self.gen)
           ^^^^^^^^^^^^^^
..\AppData\Local\Python\pythoncore-3.14-64\Lib\site-packages\sqlalchemy\engine\base.py:3259: in begin
    with self.connect() as conn:
         ^^^^^^^^^^^^^^
..\AppData\Local\Python\pythoncore-3.14-64\Lib\site-packages\sqlalchemy\engine\base.py:3295: in connect
    return self._connection_cls(self)
           ^^^^^^^^^^^^^^^^^^^^^^^^^^
..\AppData\Local\Python\pythoncore-3.14-64\Lib\site-packages\sqlalchemy\engine\base.py:146: in __init__
    Connection._handle_dbapi_exception_noconnection(
..\AppData\Local\Python\pythoncore-3.14-64\Lib\site-packages\sqlalchemy\engine\base.py:2450: in _handle_dbapi_exception_noconnection
    raise sqlalchemy_exception.with_traceback(exc_info[2]) from e
..\AppData\Local\Python\pythoncore-3.14-64\Lib\site-packages\sqlalchemy\engine\base.py:144: in __init__
    self._dbapi_connection = engine.raw_connection()
                             ^^^^^^^^^^^^^^^^^^^^^^^
..\AppData\Local\Python\pythoncore-3.14-64\Lib\site-packages\sqlalchemy\engine\base.py:3319: in raw_connection
    return self.pool.connect()
           ^^^^^^^^^^^^^^^^^^^
..\AppData\Local\Python\pythoncore-3.14-64\Lib\site-packages\sqlalchemy\pool\base.py:448: in connect
    return _ConnectionFairy._checkout(self)
           ^^^^^^^^^^^^^^^^^^^^^^^^^^^^^^^^
..\AppData\Local\Python\pythoncore-3.14-64\Lib\site-packages\sqlalchemy\pool\base.py:1272: in _checkout
    fairy = _ConnectionRecord.checkout(pool)
            ^^^^^^^^^^^^^^^^^^^^^^^^^^^^^^^^
..\AppData\Local\Python\pythoncore-3.14-64\Lib\site-packages\sqlalchemy\pool\base.py:712: in checkout
    rec = pool._do_get()
          ^^^^^^^^^^^^^^
..\AppData\Local\Python\pythoncore-3.14-64\Lib\site-packages\sqlalchemy\pool\impl.py:178: in _do_get
    with util.safe_reraise():
         ^^^^^^^^^^^^^^^^^^^
..\AppData\Local\Python\pythoncore-3.14-64\Lib\site-packages\sqlalchemy\util\langhelpers.py:122: in __exit__
    raise exc_value.with_traceback(exc_tb)
..\AppData\Local\Python\pythoncore-3.14-64\Lib\site-packages\sqlalchemy\pool\impl.py:176: in _do_get
    return self._create_connection()
           ^^^^^^^^^^^^^^^^^^^^^^^^^
..\AppData\Local\Python\pythoncore-3.14-64\Lib\site-packages\sqlalchemy\pool\base.py:389: in _create_connection
    return _ConnectionRecord(self)
           ^^^^^^^^^^^^^^^^^^^^^^^
..\AppData\Local\Python\pythoncore-3.14-64\Lib\site-packages\sqlalchemy\pool\base.py:674: in __init__
    self.__connect()
..\AppData\Local\Python\pythoncore-3.14-64\Lib\site-packages\sqlalchemy\pool\base.py:900: in __connect
    with util.safe_reraise():
         ^^^^^^^^^^^^^^^^^^^
..\AppData\Local\Python\pythoncore-3.14-64\Lib\site-packages\sqlalchemy\util\langhelpers.py:122: in __exit__
    raise exc_value.with_traceback(exc_tb)
..\AppData\Local\Python\pythoncore-3.14-64\Lib\site-packages\sqlalchemy\pool\base.py:896: in __connect
    self.dbapi_connection = connection = pool._invoke_creator(self)
                                         ^^^^^^^^^^^^^^^^^^^^^^^^^^
..\AppData\Local\Python\pythoncore-3.14-64\Lib\site-packages\sqlalchemy\engine\create.py:667: in connect
    return dialect.connect(*cargs_tup, **cparams)
           ^^^^^^^^^^^^^^^^^^^^^^^^^^^^^^^^^^^^^^
_ _ _ _ _ _ _ _ _ _ _ _ _ _ _ _ _ _ _ _ _ _ _ _ _ _ _ _ _ _ _ _ _ _ _ _ _ _ _ _

self = <sqlalchemy.dialects.sqlite.pysqlite.SQLiteDialect_pysqlite object at 0x0000020DC3BA58C0>
cargs = ('C:\\Users\\benyamin\\airwall\\:memory:',)
cparams = {'check_same_thread': False}

    def connect(self, *cargs: Any, **cparams: Any) -> DBAPIConnection:
        # inherits the docstring from interfaces.Dialect.connect
>       return self.loaded_dbapi.connect(*cargs, **cparams)  # type: ignore[no-any-return]  # NOQA: E501
               ^^^^^^^^^^^^^^^^^^^^^^^^^^^^^^^^^^^^^^^^^^^^
E       sqlalchemy.exc.OperationalError: (sqlite3.OperationalError) unable to open database file
E       (Background on this error at: https://sqlalche.me/e/20/e3q8)

..\AppData\Local\Python\pythoncore-3.14-64\Lib\site-packages\sqlalchemy\engine\default.py:630: OperationalError
============================== warnings summary ===============================
..\AppData\Local\Python\pythoncore-3.14-64\Lib\site-packages\fastapi\testclient.py:1
  C:\Users\benyamin\AppData\Local\Python\pythoncore-3.14-64\Lib\site-packages\fastapi\testclient.py:1: StarletteDeprecationWarning: Using `httpx` with `starlette.testclient` is deprecated; install `httpx2` instead.
    from starlette.testclient import TestClient as TestClient  # noqa

-- Docs: https://docs.pytest.org/en/stable/how-to/capture-warnings.html
=========================== short test summary info ===========================
ERROR tests/test_detection.py::test_blocks_prompt_injection - sqlalchemy.exc....
ERROR tests/test_detection.py::test_allows_benign_prompt - sqlalchemy.exc.Ope...
ERROR tests/test_detection.py::test_sandbox_route_medium_heuristic - sqlalche...
ERROR tests/test_gateway.py::test_health - sqlalchemy.exc.OperationalError: (...
ERROR tests/test_gateway.py::test_guard_blocks_injection - sqlalchemy.exc.Ope...
ERROR tests/test_rbac.py::test_customer_denied_payroll - sqlalchemy.exc.Opera...
ERROR tests/test_rbac.py::test_employee_allowed_directory - sqlalchemy.exc.Op...
ERROR tests/test_rbac.py::test_sandbox_blocks_customer_salaries - sqlalchemy....
1 warning, 8 errors in 4.20s
